Component: ARM Compiler 5.06 update 7 (build 960) Tool: armlink [4d3601]

==============================================================================

Section Cross References

    main.o(i.Main_Init) refers to at32f415_clock.o(i.system_clock_config) for system_clock_config
    main.o(i.Main_Init) refers to at32f415_misc.o(i.nvic_priority_group_config) for nvic_priority_group_config
    main.o(i.Main_Init) refers to mode.o(i.Mode_Index) for Mode_Index
    main.o(i.Main_Init) refers to api.o(i.API_Index) for API_Index
    main.o(i.Main_Init) refers to base_exist_gpio.o(i.User_GPIO_Init) for User_GPIO_Init
    main.o(i.Main_Init) refers to printf1.o(i.__0printf$1) for __2printf
    main.o(i.Main_Init) refers to mode.o(.bss) for Mode_Init
    main.o(i.Main_Init) refers to main.o(.constdata) for gImage_shashashu
    main.o(i.Main_Init) refers to system_at32f415.o(.data) for system_core_clock
    main.o(i.main) refers to main.o(i.Main_Init) for Main_Init
    main.o(i.main) refers to printf1.o(i.__0printf$1) for __2printf
    main.o(i.main) refers to memseta.o(.text) for __aeabi_memclr4
    main.o(i.main) refers to at32f415_gpio.o(i.gpio_input_data_bit_read) for gpio_input_data_bit_read
    main.o(i.main) refers to mode.o(.bss) for Mode_User
    main.o(i.main) refers to main.o(.data) for i
    main.o(i.main) refers to mode_uart.o(.bss) for CV_UART
    main.o(i.main) refers to lcd.o(.data) for HORIZONTAL
    main.o(i.main) refers to main.o(.constdata) for gImage_shashashu
    base_adc.o(i.ADC1_DMA_Config) refers to at32f415_dma.o(i.dma_default_para_init) for dma_default_para_init
    base_adc.o(i.ADC1_DMA_Config) refers to at32f415_crm.o(i.crm_periph_clock_enable) for crm_periph_clock_enable
    base_adc.o(i.ADC1_DMA_Config) refers to at32f415_misc.o(i.nvic_irq_enable) for nvic_irq_enable
    base_adc.o(i.ADC1_DMA_Config) refers to at32f415_dma.o(i.dma_reset) for dma_reset
    base_adc.o(i.ADC1_DMA_Config) refers to at32f415_dma.o(i.dma_init) for dma_init
    base_adc.o(i.ADC1_DMA_Config) refers to at32f415_dma.o(i.dma_interrupt_enable) for dma_interrupt_enable
    base_adc.o(i.ADC1_DMA_Config) refers to at32f415_dma.o(i.dma_channel_enable) for dma_channel_enable
    base_adc.o(i.ADC_Conversion_Vol) refers to fflti.o(.text) for __aeabi_i2f
    base_adc.o(i.ADC_Conversion_Vol) refers to fdiv.o(.text) for __aeabi_fdiv
    base_adc.o(i.ADC_Conversion_Vol) refers to fmul.o(.text) for __aeabi_fmul
    base_adc.o(i.ADC_Conversion_Vol) refers to base_adc.o(.data) for VDDA
    base_adc.o(i.ADC_GPIO_Init) refers to at32f415_gpio.o(i.gpio_default_para_init) for gpio_default_para_init
    base_adc.o(i.ADC_GPIO_Init) refers to at32f415_crm.o(i.crm_periph_clock_enable) for crm_periph_clock_enable
    base_adc.o(i.ADC_GPIO_Init) refers to at32f415_gpio.o(i.gpio_init) for gpio_init
    base_adc.o(i.ADC_Get_List) refers to at32f415_adc.o(i.adc_ordinary_software_trigger_enable) for adc_ordinary_software_trigger_enable
    base_adc.o(i.ADC_Get_List) refers to base_adc.o(.data) for Channel_NUM
    base_adc.o(i.ADC_Get_List) refers to base_adc.o(.bss) for ADC1_valuetab_list
    base_adc.o(i.ADC_Get_Temperature) refers to at32f415_adc.o(i.adc_ordinary_software_trigger_enable) for adc_ordinary_software_trigger_enable
    base_adc.o(i.ADC_Get_Temperature) refers to ffltui.o(.text) for __aeabi_ui2f
    base_adc.o(i.ADC_Get_Temperature) refers to fmul.o(.text) for __aeabi_fmul
    base_adc.o(i.ADC_Get_Temperature) refers to fdiv.o(.text) for __aeabi_fdiv
    base_adc.o(i.ADC_Get_Temperature) refers to f2d.o(.text) for __aeabi_f2d
    base_adc.o(i.ADC_Get_Temperature) refers to dadd.o(.text) for __aeabi_drsub
    base_adc.o(i.ADC_Get_Temperature) refers to ddiv.o(.text) for __aeabi_ddiv
    base_adc.o(i.ADC_Get_Temperature) refers to d2f.o(.text) for __aeabi_d2f
    base_adc.o(i.ADC_Get_Temperature) refers to base_adc.o(.data) for dma_trans_complete_flag
    base_adc.o(i.ADC_Get_Temperature) refers to base_adc.o(.bss) for ADC1_valuetab_list
    base_adc.o(i.ADC_Start_Init) refers to at32f415_crm.o(i.crm_periph_clock_enable) for crm_periph_clock_enable
    base_adc.o(i.ADC_Start_Init) refers to at32f415_crm.o(i.crm_adc_clock_div_set) for crm_adc_clock_div_set
    base_adc.o(i.ADC_Start_Init) refers to base_adc.o(i.ADC_GPIO_Init) for ADC_GPIO_Init
    base_adc.o(i.ADC_Start_Init) refers to at32f415_adc.o(i.adc_ordinary_channel_set) for adc_ordinary_channel_set
    base_adc.o(i.ADC_Start_Init) refers to at32f415_adc.o(i.adc_tempersensor_vintrv_enable) for adc_tempersensor_vintrv_enable
    base_adc.o(i.ADC_Start_Init) refers to base_adc.o(i.ADC1_DMA_Config) for ADC1_DMA_Config
    base_adc.o(i.ADC_Start_Init) refers to at32f415_adc.o(i.adc_base_default_para_init) for adc_base_default_para_init
    base_adc.o(i.ADC_Start_Init) refers to at32f415_adc.o(i.adc_base_config) for adc_base_config
    base_adc.o(i.ADC_Start_Init) refers to at32f415_adc.o(i.adc_ordinary_conversion_trigger_set) for adc_ordinary_conversion_trigger_set
[...]
    i.crm_periph_reset                       0x08002e74   Section        0  at32f415_crm.o(i.crm_periph_reset)
    i.crm_pll_config                         0x08002eb8   Section        0  at32f415_crm.o(i.crm_pll_config)
    i.crm_reset                              0x08002fc0   Section        0  at32f415_crm.o(i.crm_reset)
    i.crm_sysclk_switch                      0x08003024   Section        0  at32f415_crm.o(i.crm_sysclk_switch)
    i.crm_sysclk_switch_status_get           0x08003038   Section        0  at32f415_crm.o(i.crm_sysclk_switch_status_get)
    i.crm_usb_clock_div_set                  0x08003048   Section        0  at32f415_crm.o(i.crm_usb_clock_div_set)
    i.crm_usb_clock_source_select            0x08003068   Section        0  at32f415_crm.o(i.crm_usb_clock_source_select)
    i.dma_channel_enable                     0x08003088   Section        0  at32f415_dma.o(i.dma_channel_enable)
    i.dma_default_para_init                  0x08003092   Section        0  at32f415_dma.o(i.dma_default_para_init)
    i.dma_flag_clear                         0x080030ac   Section        0  at32f415_dma.o(i.dma_flag_clear)
    i.dma_flag_get                           0x080030cc   Section        0  at32f415_dma.o(i.dma_flag_get)
    i.dma_init                               0x080030f8   Section        0  at32f415_dma.o(i.dma_init)
    i.dma_interrupt_enable                   0x08003154   Section        0  at32f415_dma.o(i.dma_interrupt_enable)
    i.dma_reset                              0x08003168   Section        0  at32f415_dma.o(i.dma_reset)
    i.exint_flag_clear                       0x080031d8   Section        0  at32f415_exint.o(i.exint_flag_clear)
    i.fputc                                  0x080031e4   Section        0  base_uart.o(i.fputc)
    i.gpio_default_para_init                 0x080031f6   Section        0  at32f415_gpio.o(i.gpio_default_para_init)
    i.gpio_init                              0x0800320c   Section        0  at32f415_gpio.o(i.gpio_init)
    i.gpio_input_data_bit_read               0x080032b4   Section        0  at32f415_gpio.o(i.gpio_input_data_bit_read)
    i.gpio_pin_remap_config                  0x080032c8   Section        0  at32f415_gpio.o(i.gpio_pin_remap_config)
    i.main                                   0x08003314   Section        0  main.o(i.main)
    i.nvic_irq_enable                        0x08003450   Section        0  at32f415_misc.o(i.nvic_irq_enable)
    i.nvic_priority_group_config             0x08003518   Section        0  at32f415_misc.o(i.nvic_priority_group_config)
    i.spi_default_para_init                  0x08003540   Section        0  at32f415_spi.o(i.spi_default_para_init)
    i.spi_enable                             0x08003556   Section        0  at32f415_spi.o(i.spi_enable)
    i.spi_i2s_data_transmit                  0x08003560   Section        0  at32f415_spi.o(i.spi_i2s_data_transmit)
    i.spi_i2s_flag_get                       0x08003564   Section        0  at32f415_spi.o(i.spi_i2s_flag_get)
    i.spi_i2s_interrupt_enable               0x08003574   Section        0  at32f415_spi.o(i.spi_i2s_interrupt_enable)
    i.spi_i2s_reset                          0x08003588   Section        0  at32f415_spi.o(i.spi_i2s_reset)
    i.spi_init                               0x080035c8   Section        0  at32f415_spi.o(i.spi_init)
    i.system_clock_config                    0x080036ec   Section        0  at32f415_clock.o(i.system_clock_config)
    i.system_clock_hick_config               0x080036f4   Section        0  at32f415_clock.o(i.system_clock_hick_config)
    i.system_core_clock_update               0x08003778   Section        0  system_at32f415.o(i.system_core_clock_update)
    i.systick_clock_source_config            0x080038cc   Section        0  at32f415_misc.o(i.systick_clock_source_config)
    i.usart_data_receive                     0x080038f4   Section        0  at32f415_usart.o(i.usart_data_receive)
    i.usart_data_transmit                    0x080038fc   Section        0  at32f415_usart.o(i.usart_data_transmit)
    i.usart_enable                           0x08003904   Section        0  at32f415_usart.o(i.usart_enable)
    i.usart_flag_clear                       0x0800390e   Section        0  at32f415_usart.o(i.usart_flag_clear)
    i.usart_flag_get                         0x08003920   Section        0  at32f415_usart.o(i.usart_flag_get)
    i.usart_init                             0x08003930   Section        0  at32f415_usart.o(i.usart_init)
    i.usart_interrupt_enable                 0x0800399c   Section        0  at32f415_usart.o(i.usart_interrupt_enable)
    i.usart_parity_selection_config          0x080039d2   Section        0  at32f415_usart.o(i.usart_parity_selection_config)
    i.usart_receiver_enable                  0x08003a1e   Section        0  at32f415_usart.o(i.usart_receiver_enable)
    i.usart_reset                            0x08003a28   Section        0  at32f415_usart.o(i.usart_reset)
    i.usart_transmitter_enable               0x08003abc   Section        0  at32f415_usart.o(i.usart_transmitter_enable)
    i.usb_ept0_setup                         0x08003ac6   Section        0  at32f415_usb.o(i.usb_ept0_setup)
    i.usb_ept0_start                         0x08003ae8   Section        0  at32f415_usb.o(i.usb_ept0_start)
    i.usb_ept_clear_stall                    0x08003b14   Section        0  at32f415_usb.o(i.usb_ept_clear_stall)
    i.usb_ept_in_clear                       0x08003ba6   Section        0  at32f415_usb.o(i.usb_ept_in_clear)
    i.usb_ept_in_interrupt                   0x08003bb2   Section        0  at32f415_usb.o(i.usb_ept_in_interrupt)
    i.usb_ept_open                           0x08003bde   Section        0  at32f415_usb.o(i.usb_ept_open)
    i.usb_ept_out_clear                      0x08003d7e   Section        0  at32f415_usb.o(i.usb_ept_out_clear)
    i.usb_ept_out_interrupt                  0x08003d8a   Section        0  at32f415_usb.o(i.usb_ept_out_interrupt)
    i.usb_ept_stall                          0x08003da0   Section        0  at32f415_usb.o(i.usb_ept_stall)
    i.usb_flush_tx_fifo                      0x08003e34   Section        0  at32f415_usb.o(i.usb_flush_tx_fifo)
    i.usb_get_all_in_interrupt               0x08003e6c   Section        0  at32f415_usb.o(i.usb_get_all_in_interrupt)
    i.usb_get_all_out_interrupt              0x08003e7e   Section        0  at32f415_usb.o(i.usb_get_all_out_interrupt)
    i.usb_global_clear_interrupt             0x08003e90   Section        0  at32f415_usb.o(i.usb_global_clear_interrupt)
    i.usb_global_get_all_interrupt           0x08003e94   Section        0  at32f415_usb.o(i.usb_global_get_all_interrupt)
    i.usb_global_interrupt_enable            0x08003e9e   Section        0  at32f415_usb.o(i.usb_global_interrupt_enable)
    i.usb_open_phy_clk                       0x08003eb2   Section        0  at32f415_usb.o(i.usb_open_phy_clk)
    i.usb_read_packet                        0x08003ec0   Section        0  at32f415_usb.o(i.usb_read_packet)
    i.usb_set_address                        0x08003eea   Section        0  at32f415_usb.o(i.usb_set_address)
    i.usb_set_rx_fifo                        0x08003ef8   Section        0  at32f415_usb.o(i.usb_set_rx_fifo)
    i.usb_set_tx_fifo                        0x08003efc   Section        0  at32f415_usb.o(i.usb_set_tx_fifo)
    i.usb_stop_phy_clk                       0x08003f3e   Section        0  at32f415_usb.o(i.usb_stop_phy_clk)
    i.usb_suspend_status_get                 0x08003f4e   Section        0  at32f415_usb.o(i.usb_suspend_status_get)
    i.usb_write_empty_txfifo                 0x08003f5c   Section        0  usbd_int.o(i.usb_write_empty_txfifo)
    i.usb_write_packet                       0x08003ff4   Section        0  at32f415_usb.o(i.usb_write_packet)
    i.usbd_clear_feature                     0x08004024   Section        0  usbd_sdr.o(i.usbd_clear_feature)
    usbd_clear_feature                       0x08004025   Thumb Code    84  usbd_sdr.o(i.usbd_clear_feature)
    i.usbd_clear_stall                       0x08004078   Section        0  usbd_core.o(i.usbd_clear_stall)
    i.usbd_core_in_handler                   0x080040c2   Section        0  usbd_core.o(i.usbd_core_in_handler)
    i.usbd_core_out_handler                  0x08004184   Section        0  usbd_core.o(i.usbd_core_out_handler)
    i.usbd_core_setup_handler                0x08004204   Section        0  usbd_core.o(i.usbd_core_setup_handler)
    i.usbd_ctrl_recv_status                  0x08004258   Section        0  usbd_core.o(i.usbd_ctrl_recv_status)
    i.usbd_ctrl_send                         0x08004270   Section        0  usbd_core.o(i.usbd_ctrl_send)
    i.usbd_ctrl_send_status                  0x08004298   Section        0  usbd_core.o(i.usbd_ctrl_send_status)
    i.usbd_ctrl_unsupport                    0x080042b0   Section        0  usbd_core.o(i.usbd_ctrl_unsupport)
    i.usbd_device_request                    0x080042c6   Section        0  usbd_sdr.o(i.usbd_device_request)
    i.usbd_endpoint_request                  0x08004346   Section        0  usbd_sdr.o(i.usbd_endpoint_request)
    i.usbd_enter_suspend                     0x080044a2   Section        0  usbd_core.o(i.usbd_enter_suspend)
    i.usbd_enumdone_handler                  0x080044b8   Section        0  usbd_int.o(i.usbd_enumdone_handler)
    i.usbd_ept_open                          0x080044fe   Section        0  usbd_core.o(i.usbd_ept_open)
    i.usbd_ept_recv                          0x08004558   Section        0  usbd_core.o(i.usbd_ept_recv)
    i.usbd_ept_send                          0x0800466c   Section        0  usbd_core.o(i.usbd_ept_send)
    i.usbd_fifo_alloc                        0x08004796   Section        0  usbd_core.o(i.usbd_fifo_alloc)
    i.usbd_get_configuration                 0x080047d4   Section        0  usbd_sdr.o(i.usbd_get_configuration)
    usbd_get_configuration                   0x080047d5   Thumb Code    86  usbd_sdr.o(i.usbd_get_configuration)
    i.usbd_get_descriptor                    0x0800482a   Section        0  usbd_sdr.o(i.usbd_get_descriptor)
    usbd_get_descriptor                      0x0800482b   Thumb Code   242  usbd_sdr.o(i.usbd_get_descriptor)
    i.usbd_get_status                        0x0800491c   Section        0  usbd_sdr.o(i.usbd_get_status)
    usbd_get_status                          0x0800491d   Thumb Code    68  usbd_sdr.o(i.usbd_get_status)
    i.usbd_incomisioin_handler               0x08004960   Section        0  usbd_int.o(i.usbd_incomisioin_handler)
    i.usbd_incomisoout_handler               0x08004976   Section        0  usbd_int.o(i.usbd_incomisoout_handler)
    i.usbd_inept_handler                     0x0800498c   Section        0  usbd_int.o(i.usbd_inept_handler)
    i.usbd_interface_request                 0x08004a38   Section        0  usbd_sdr.o(i.usbd_interface_request)
    i.usbd_irq_handler                       0x08004a70   Section        0  usbd_int.o(i.usbd_irq_handler)
    i.usbd_outept_handler                    0x08004b5a   Section        0  usbd_int.o(i.usbd_outept_handler)
    i.usbd_reset_handler                     0x08004bec   Section        0  usbd_int.o(i.usbd_reset_handler)
    i.usbd_rxflvl_handler                    0x08004ca0   Section        0  usbd_int.o(i.usbd_rxflvl_handler)
    i.usbd_set_address                       0x08004d22   Section        0  usbd_sdr.o(i.usbd_set_address)
    usbd_set_address                         0x08004d23   Thumb Code    82  usbd_sdr.o(i.usbd_set_address)
    i.usbd_set_configuration                 0x08004d74   Section        0  usbd_sdr.o(i.usbd_set_configuration)
    usbd_set_configuration                   0x08004d75   Thumb Code   194  usbd_sdr.o(i.usbd_set_configuration)
    i.usbd_set_feature                       0x08004e3c   Section        0  usbd_sdr.o(i.usbd_set_feature)
    usbd_set_feature                         0x08004e3d   Thumb Code    42  usbd_sdr.o(i.usbd_set_feature)
    i.usbd_set_stall                         0x08004e66   Section        0  usbd_core.o(i.usbd_set_stall)
    i.usbd_setup_request_parse               0x08004eb0   Section        0  usbd_sdr.o(i.usbd_setup_request_parse)
    i.usbd_sof_handler                       0x08004ed8   Section        0  usbd_int.o(i.usbd_sof_handler)
    i.usbd_suspend_handler                   0x08004eec   Section        0  usbd_int.o(i.usbd_suspend_handler)
    i.usbd_wakeup_handler                    0x08004f24   Section        0  usbd_int.o(i.usbd_wakeup_handler)
    .constdata                               0x08004f5a   Section    115208  main.o(.constdata)
    .constdata                               0x08021162   Section    12160  lcd.o(.constdata)
    .constdata                               0x080240e2   Section      512  check_crc16.o(.constdata)
    CRC_CCITT_table                          0x080240e2   Data         512  check_crc16.o(.constdata)
    .constdata                               0x080242e2   Section       16  system_at32f415.o(.constdata)
    sys_ahb_div_table                        0x080242e2   Data          16  system_at32f415.o(.constdata)
    .constdata                               0x080242f2   Section       40  at32f415_crm.o(.constdata)
    sclk_ahb_div_table                       0x080242f2   Data          16  at32f415_crm.o(.constdata)
    ahb_apb1_div_table                       0x08024302   Data           8  at32f415_crm.o(.constdata)
    ahb_apb2_div_table                       0x0802430a   Data           8  at32f415_crm.o(.constdata)
    adc_div_table                            0x08024312   Data           8  at32f415_crm.o(.constdata)
    .data                                    0x20000000   Section        9  main.o(.data)
    .data                                    0x2000000c   Section       14  base_adc.o(.data)
    .data                                    0x2000001c   Section        6  base_spi.o(.data)
    .data                                    0x20000024   Section       20  base_sys_time.o(.data)
    .data                                    0x20000038   Section        4  base_uart.o(.data)
    Temp                                     0x20000038   Data           4  base_uart.o(.data)
    .data                                    0x2000003c   Section       32  mode_time.o(.data)
    .data                                    0x2000005c   Section        3  lcd.o(.data)
    .data                                    0x20000060   Section        4  system_at32f415.o(.data)
    .data                                    0x20000064   Section        1  usbd_sdr.o(.data)
    config_value                             0x20000064   Data           1  usbd_sdr.o(.data)
    .data                                    0x20000068   Section        4  stdout.o(.data)
    .bss                                     0x2000006c   Section       40  base_adc.o(.bss)
    .bss                                     0x20000094   Section      420  usb_user.o(.bss)
    .bss                                     0x20000238   Section      136  mode.o(.bss)
    .bss                                     0x200002c0   Section      920  mode_uart.o(.bss)
    .bss                                     0x20000658   Section       20  api.o(.bss)
    STACK                                    0x20000670   Section     1024  startup_at32f415.o(STACK)

    Global Symbols

    Symbol Name                              Value     Ov Type        Size  Object(Section)

    BuildAttributes$$THM_ISAv4$E$P$D$K$B$S$7EM$PE$A:L22UL41UL21$X:L11$S22US41US21$IEEE1$IW$USESV6$~STKCKD$USESV7$~SHL$OTIME$ROPI$IEEEJ$EBA8$MICROLIB$REQ8$PRES8$EABIv2 0x00000000   Number         0  anon$$obj.o ABSOLUTE
    __ARM_use_no_argv                        0x00000000   Number         0  main.o ABSOLUTE
    _printf_a                                0x00000000   Number         0  stubs.o ABSOLUTE
    _printf_c                                0x00000000   Number         0  stubs.o ABSOLUTE
    _printf_charcount                        0x00000000   Number         0  stubs.o ABSOLUTE
    _printf_d                                0x00000000   Number         0  stubs.o ABSOLUTE
    _printf_e                                0x00000000   Number         0  stubs.o ABSOLUTE
    _printf_f                                0x00000000   Number         0  stubs.o ABSOLUTE
    _printf_flags                            0x00000000   Number         0  stubs.o ABSOLUTE
    _printf_fp_dec                           0x00000000   Number         0  stubs.o ABSOLUTE
    _printf_fp_hex                           0x00000000   Number         0  stubs.o ABSOLUTE
    _printf_g                                0x00000000   Number         0  stubs.o ABSOLUTE
    _printf_i                                0x00000000   Number         0  stubs.o ABSOLUTE
    _printf_int_dec                          0x00000000   Number         0  stubs.o ABSOLUTE
    _printf_l                                0x00000000   Number         0  stubs.o ABSOLUTE
    _printf_lc                               0x00000000   Number         0  stubs.o ABSOLUTE
    _printf_ll                               0x00000000   Number         0  stubs.o ABSOLUTE
    _printf_lld                              0x00000000   Number         0  stubs.o ABSOLUTE
    _printf_lli                              0x00000000   Number         0  stubs.o ABSOLUTE
    _printf_llo                              0x00000000   Number         0  stubs.o ABSOLUTE
    _printf_llu                              0x00000000   Number         0  stubs.o ABSOLUTE
    _printf_llx                              0x00000000   Number         0  stubs.o ABSOLUTE
    _printf_longlong_dec                     0x00000000   Number         0  stubs.o ABSOLUTE
    _printf_longlong_hex                     0x00000000   Number         0  stubs.o ABSOLUTE
    _printf_longlong_oct                     0x00000000   Number         0  stubs.o ABSOLUTE
    _printf_ls                               0x00000000   Number         0  stubs.o ABSOLUTE
    _printf_mbtowc                           0x00000000   Number         0  stubs.o ABSOLUTE
    _printf_n                                0x00000000   Number         0  stubs.o ABSOLUTE
    _printf_o                                0x00000000   Number         0  stubs.o ABSOLUTE
    _printf_p                                0x00000000   Number         0  stubs.o ABSOLUTE
    _printf_percent                          0x00000000   Number         0  stubs.o ABSOLUTE
    _printf_pre_padding                      0x00000000   Number         0  stubs.o ABSOLUTE
    _printf_return_value                     0x00000000   Number         0  stubs.o ABSOLUTE
    _printf_s                                0x00000000   Number         0  stubs.o ABSOLUTE
    _printf_sizespec                         0x00000000   Number         0  stubs.o ABSOLUTE
    _printf_str                              0x00000000   Number         0  stubs.o ABSOLUTE
    _printf_truncate_signed                  0x00000000   Number         0  stubs.o ABSOLUTE
    _printf_truncate_unsigned                0x00000000   Number         0  stubs.o ABSOLUTE
    _printf_u                                0x00000000   Number         0  stubs.o ABSOLUTE
    _printf_wc                               0x00000000   Number         0  stubs.o ABSOLUTE
    _printf_wctomb                           0x00000000   Number         0  stubs.o ABSOLUTE
    _printf_widthprec                        0x00000000   Number         0  stubs.o ABSOLUTE
    _printf_x                                0x00000000   Number         0  stubs.o ABSOLUTE
    __arm_fini_                               - Undefined Weak Reference
    __cpp_initialize__aeabi_                  - Undefined Weak Reference
    __cxa_finalize                            - Undefined Weak Reference
    __decompress                              - Undefined Weak Reference
    _clock_init                               - Undefined Weak Reference
    _microlib_exit                            - Undefined Weak Reference
    __Vectors_Size                           0x00000170   Number         0  startup_at32f415.o ABSOLUTE
    __Vectors                                0x08000000   Data           4  startup_at32f415.o(RESET)
    __Vectors_End                            0x08000170   Data           0  startup_at32f415.o(RESET)
    __main                                   0x08000171   Thumb Code     0  entry.o(.ARM.Collect$$$$00000000)
    _main_stk                                0x08000171   Thumb Code     0  entry2.o(.ARM.Collect$$$$00000001)
    _main_scatterload                        0x08000175   Thumb Code     0  entry5.o(.ARM.Collect$$$$00000004)
    __main_after_scatterload                 0x08000179   Thumb Code     0  entry5.o(.ARM.Collect$$$$00000004)
    _main_clock                              0x08000179   Thumb Code     0  entry7b.o(.ARM.Collect$$$$00000008)
    _main_cpp_init                           0x08000179   Thumb Code     0  entry8b.o(.ARM.Collect$$$$0000000A)
    _main_init                               0x08000179   Thumb Code     0  entry9a.o(.ARM.Collect$$$$0000000B)
    __rt_lib_shutdown_fini                   0x08000181   Thumb Code     0  entry12b.o(.ARM.Collect$$$$0000000E)
    __rt_final_cpp                           0x08000185   Thumb Code     0  entry10a.o(.ARM.Collect$$$$0000000F)
    __rt_final_exit                          0x08000185   Thumb Code     0  entry11a.o(.ARM.Collect$$$$00000011)
    Reset_Handler                            0x08000189   Thumb Code     8  startup_at32f415.o(.text)
    ADC1_IRQHandler                          0x080001a3   Thumb Code     0  startup_at32f415.o(.text)
    CAN1_RX0_IRQHandler                      0x080001a3   Thumb Code     0  startup_at32f415.o(.text)
    CAN1_RX1_IRQHandler                      0x080001a3   Thumb Code     0  startup_at32f415.o(.text)
    CAN1_SE_IRQHandler                       0x080001a3   Thumb Code     0  startup_at32f415.o(.text)
    CAN1_TX_IRQHandler                       0x080001a3   Thumb Code     0  startup_at32f415.o(.text)
    CMP1_IRQHandler                          0x080001a3   Thumb Code     0  startup_at32f415.o(.text)
    CMP2_IRQHandler                          0x080001a3   Thumb Code     0  startup_at32f415.o(.text)
    CRM_IRQHandler                           0x080001a3   Thumb Code     0  startup_at32f415.o(.text)
    DMA1_Channel2_IRQHandler                 0x080001a3   Thumb Code     0  startup_at32f415.o(.text)
    DMA1_Channel3_IRQHandler                 0x080001a3   Thumb Code     0  startup_at32f415.o(.text)
    DMA1_Channel4_IRQHandler                 0x080001a3   Thumb Code     0  startup_at32f415.o(.text)
    DMA1_Channel5_IRQHandler                 0x080001a3   Thumb Code     0  startup_at32f415.o(.text)
    DMA1_Channel6_IRQHandler                 0x080001a3   Thumb Code     0  startup_at32f415.o(.text)
    DMA1_Channel7_IRQHandler                 0x080001a3   Thumb Code     0  startup_at32f415.o(.text)
    DMA2_Channel1_IRQHandler                 0x080001a3   Thumb Code     0  startup_at32f415.o(.text)
    DMA2_Channel2_IRQHandler                 0x080001a3   Thumb Code     0  startup_at32f415.o(.text)
    DMA2_Channel3_IRQHandler                 0x080001a3   Thumb Code     0  startup_at32f415.o(.text)
    DMA2_Channel4_5_IRQHandler               0x080001a3   Thumb Code     0  startup_at32f415.o(.text)
    DMA2_Channel6_7_IRQHandler               0x080001a3   Thumb Code     0  startup_at32f415.o(.text)
    ERTCAlarm_IRQHandler                     0x080001a3   Thumb Code     0  startup_at32f415.o(.text)
    ERTC_WKUP_IRQHandler                     0x080001a3   Thumb Code     0  startup_at32f415.o(.text)
    EXINT0_IRQHandler                        0x080001a3   Thumb Code     0  startup_at32f415.o(.text)
    EXINT15_10_IRQHandler                    0x080001a3   Thumb Code     0  startup_at32f415.o(.text)
    EXINT1_IRQHandler                        0x080001a3   Thumb Code     0  startup_at32f415.o(.text)
    EXINT2_IRQHandler                        0x080001a3   Thumb Code     0  startup_at32f415.o(.text)
    EXINT3_IRQHandler                        0x080001a3   Thumb Code     0  startup_at32f415.o(.text)
    EXINT4_IRQHandler                        0x080001a3   Thumb Code     0  startup_at32f415.o(.text)
    EXINT9_5_IRQHandler                      0x080001a3   Thumb Code     0  startup_at32f415.o(.text)
    FLASH_IRQHandler                         0x080001a3   Thumb Code     0  startup_at32f415.o(.text)
    I2C1_ERR_IRQHandler                      0x080001a3   Thumb Code     0  startup_at32f415.o(.text)
    I2C1_EVT_IRQHandler                      0x080001a3   Thumb Code     0  startup_at32f415.o(.text)
    I2C2_ERR_IRQHandler                      0x080001a3   Thumb Code     0  startup_at32f415.o(.text)
    I2C2_EVT_IRQHandler                      0x080001a3   Thumb Code     0  startup_at32f415.o(.text)
    PVM_IRQHandler                           0x080001a3   Thumb Code     0  startup_at32f415.o(.text)
    SDIO1_IRQHandler                         0x080001a3   Thumb Code     0  startup_at32f415.o(.text)
    TAMP_STAMP_IRQHandler                    0x080001a3   Thumb Code     0  startup_at32f415.o(.text)
    TMR1_BRK_TMR9_IRQHandler                 0x080001a3   Thumb Code     0  startup_at32f415.o(.text)
    TMR1_CH_IRQHandler                       0x080001a3   Thumb Code     0  startup_at32f415.o(.text)
    TMR1_OVF_TMR10_IRQHandler                0x080001a3   Thumb Code     0  startup_at32f415.o(.text)
    TMR1_TRG_HALL_TMR11_IRQHandler           0x080001a3   Thumb Code     0  startup_at32f415.o(.text)
    TMR2_GLOBAL_IRQHandler                   0x080001a3   Thumb Code     0  startup_at32f415.o(.text)
    TMR3_GLOBAL_IRQHandler                   0x080001a3   Thumb Code     0  startup_at32f415.o(.text)
    TMR4_GLOBAL_IRQHandler                   0x080001a3   Thumb Code     0  startup_at32f415.o(.text)
    TMR5_GLOBAL_IRQHandler                   0x080001a3   Thumb Code     0  startup_at32f415.o(.text)
    UART4_IRQHandler                         0x080001a3   Thumb Code     0  startup_at32f415.o(.text)
    UART5_IRQHandler                         0x080001a3   Thumb Code     0  startup_at32f415.o(.text)
    WWDT_IRQHandler                          0x080001a3   Thumb Code     0  startup_at32f415.o(.text)
    __aeabi_uldivmod                         0x080001ad   Thumb Code    98  uldiv.o(.text)
    __aeabi_memset                           0x0800020f   Thumb Code    14  memseta.o(.text)
    __aeabi_memset4                          0x0800020f   Thumb Code     0  memseta.o(.text)
    __aeabi_memset8                          0x0800020f   Thumb Code     0  memseta.o(.text)
    __aeabi_memclr                           0x0800021d   Thumb Code     4  memseta.o(.text)
    __aeabi_memclr4                          0x0800021d   Thumb Code     0  memseta.o(.text)
    __aeabi_memclr8                          0x0800021d   Thumb Code     0  memseta.o(.text)
    _memset$wrapper                          0x08000221   Thumb Code    18  memseta.o(.text)
    strlen                                   0x08000233   Thumb Code    14  strlen.o(.text)
    __aeabi_fmul                             0x08000241   Thumb Code   100  fmul.o(.text)
    __aeabi_fdiv                             0x080002a5   Thumb Code   124  fdiv.o(.text)
    __aeabi_dadd                             0x08000321   Thumb Code   322  dadd.o(.text)
    __aeabi_dsub                             0x08000463   Thumb Code     6  dadd.o(.text)
    __aeabi_drsub                            0x08000469   Thumb Code     6  dadd.o(.text)
    __aeabi_ddiv                             0x0800046f   Thumb Code   222  ddiv.o(.text)
    __aeabi_i2f                              0x0800054d   Thumb Code    18  fflti.o(.text)
    __aeabi_ui2f                             0x0800055f   Thumb Code    10  ffltui.o(.text)
    __aeabi_f2d                              0x08000569   Thumb Code    38  f2d.o(.text)
    __aeabi_d2f                              0x0800058f   Thumb Code    56  d2f.o(.text)
    __aeabi_uidiv                            0x080005c7   Thumb Code     0  uidiv.o(.text)
    __aeabi_uidivmod                         0x080005c7   Thumb Code    44  uidiv.o(.text)
    __aeabi_llsl                             0x080005f3   Thumb Code    30  llshl.o(.text)
    _ll_shift_l                              0x080005f3   Thumb Code     0  llshl.o(.text)
    __aeabi_llsr                             0x08000611   Thumb Code    32  llushr.o(.text)
    _ll_ushift_r                             0x08000611   Thumb Code     0  llushr.o(.text)
    __aeabi_lasr                             0x08000631   Thumb Code    36  llsshr.o(.text)
    _ll_sshift_r                             0x08000631   Thumb Code     0  llsshr.o(.text)
    __I$use$fp                               0x08000655   Thumb Code     0  iusefp.o(.text)
    _float_round                             0x08000655   Thumb Code    18  fepilogue.o(.text)
    _float_epilogue                          0x08000667   Thumb Code    92  fepilogue.o(.text)
    _double_round                            0x080006c3   Thumb Code    30  depilogue.o(.text)
    _double_epilogue                         0x080006e1   Thumb Code   156  depilogue.o(.text)
    __scatterload                            0x0800077d   Thumb Code    28  init.o(.text)
    __scatterload_rt2                        0x0800077d   Thumb Code     0  init.o(.text)
    ADC1_DMA_Config                          0x080007a1   Thumb Code   120  base_adc.o(i.ADC1_DMA_Config)
    ADC_Conversion_Vol                       0x08000821   Thumb Code    40  base_adc.o(i.ADC_Conversion_Vol)
    ADC_GPIO_Init                            0x0800084d   Thumb Code   112  base_adc.o(i.ADC_GPIO_Init)
    ADC_Get_List                             0x080008c9   Thumb Code    62  base_adc.o(i.ADC_Get_List)
    ADC_Get_Temperature                      0x08000919   Thumb Code   120  base_adc.o(i.ADC_Get_Temperature)
    ADC_Start_Init                           0x080009b9   Thumb Code   234  base_adc.o(i.ADC_Start_Init)
    API_Index                                0x08000ab5   Thumb Code    28  api.o(i.API_Index)
    BusFault_Handler                         0x08000ae9   Thumb Code     4  at32f415_int.o(i.BusFault_Handler)
    CRC16_CCITT_CalateByte                   0x08000aed   Thumb Code    20  check_crc16.o(i.CRC16_CCITT_CalateByte)
    CRC16_CCITT_CalculateBuf                 0x08000b05   Thumb Code    36  check_crc16.o(i.CRC16_CCITT_CalculateBuf)
    DMA1_Channel1_IRQHandler                 0x08000b29   Thumb Code    24  base_adc.o(i.DMA1_Channel1_IRQHandler)
    DebugMon_Handler                         0x08000b45   Thumb Code     2  at32f415_int.o(i.DebugMon_Handler)
    Debug_Out                                0x08000b47   Thumb Code    14  mode.o(i.Debug_Out)
    Find_Data                                0x08000b55   Thumb Code    28  data_handle.o(i.Find_Data)
    GET_SysTick                              0x08000b71   Thumb Code    64  base_sys_time.o(i.GET_SysTick)
    Get_Lose_Tiem                            0x08000bb9   Thumb Code    62  mode_time.o(i.Get_Lose_Tiem)
    Get_TIME                                 0x08000c2d   Thumb Code   130  mode_time.o(i.Get_TIME)
    HardFault_Handler                        0x08000cc1   Thumb Code     4  at32f415_int.o(i.HardFault_Handler)
    Hourly_to_Seconds                        0x08000cc5   Thumb Code    50  time_handle.o(i.Hourly_to_Seconds)
    KEY_GPIO_Init                            0x08000cfd   Thumb Code    86  base_exist_gpio.o(i.KEY_GPIO_Init)
    KEY_Init                                 0x08000d5d   Thumb Code    36  key.o(i.KEY_Init)
    KEY_State                                0x08000d81   Thumb Code    38  key.o(i.KEY_State)
    LCD_Address_Set                          0x08000dad   Thumb Code   228  lcd.o(i.LCD_Address_Set)
    LCD_Draw_Circle                          0x08000ead   Thumb Code   158  lcd.o(i.LCD_Draw_Circle)
    LCD_Draw_Line                            0x08000f4b   Thumb Code   172  lcd.o(i.LCD_Draw_Line)
    LCD_Draw_Point                           0x08000ff7   Thumb Code    28  lcd.o(i.LCD_Draw_Point)
    LCD_Draw_Rectangle                       0x08001013   Thumb Code    74  lcd.o(i.LCD_Draw_Rectangle)
    LCD_Fill                                 0x0800105d   Thumb Code    62  lcd.o(i.LCD_Fill)
    LCD_GPIO_Init                            0x0800109d   Thumb Code    88  base_exist_gpio.o(i.LCD_GPIO_Init)
    LCD_Init                                 0x080010fd   Thumb Code   470  lcd.o(i.LCD_Init)
    LCD_Show_Char                            0x080012dd   Thumb Code   298  lcd.o(i.LCD_Show_Char)
    LCD_Show_Chinese                         0x08001415   Thumb Code    88  lcd.o(i.LCD_Show_Chinese)
    LCD_Show_Chinese24x24                    0x0800146d   Thumb Code     8  lcd.o(i.LCD_Show_Chinese24x24)
    LCD_Show_Chinese32x32                    0x08001475   Thumb Code     8  lcd.o(i.LCD_Show_Chinese32x32)
    LCD_Show_Picture                         0x0800147d   Thumb Code   102  lcd.o(i.LCD_Show_Picture)
    LCD_Show_String                          0x080014e3   Thumb Code   110  lcd.o(i.LCD_Show_String)
    LCD_WR_CMD                               0x08001551   Thumb Code    46  lcd.o(i.LCD_WR_CMD)
    LCD_WR_DATA                              0x08001585   Thumb Code    34  lcd.o(i.LCD_WR_DATA)
    LCD_WR_DATA8                             0x080015a7   Thumb Code    28  lcd.o(i.LCD_WR_DATA8)
    LCD_Writ_Bus                             0x080015c3   Thumb Code    12  lcd.o(i.LCD_Writ_Bus)
    LED_GPIO_Init                            0x080015d1   Thumb Code    98  base_exist_gpio.o(i.LED_GPIO_Init)
    LED_Init                                 0x0800163d   Thumb Code    20  led.o(i.LED_Init)
    LED_REG                                  0x08001651   Thumb Code    46  led.o(i.LED_REG)
    LED_SET                                  0x08001681   Thumb Code    58  led.o(i.LED_SET)
    Main_Init                                0x080016c5   Thumb Code   136  main.o(i.Main_Init)
    MemManage_Handler                        0x08001779   Thumb Code     4  at32f415_int.o(i.MemManage_Handler)
    Mode_Index                               0x0800177d   Thumb Code    38  mode.o(i.Mode_Index)
    NMI_Handler                              0x080018b9   Thumb Code     2  at32f415_int.o(i.NMI_Handler)
    OTGFS1_IRQHandler                        0x080018bd   Thumb Code    10  usb_user.o(i.OTGFS1_IRQHandler)
    OTGFS1_WKUP_IRQHandler                   0x080018cd   Thumb Code    12  usb_user.o(i.OTGFS1_WKUP_IRQHandler)
    Over_Time                                0x080018d9   Thumb Code   204  time_handle.o(i.Over_Time)
    PendSV_Handler                           0x080019ad   Thumb Code     2  at32f415_int.o(i.PendSV_Handler)
    SET_SysTick                              0x080019b1   Thumb Code    58  base_sys_time.o(i.SET_SysTick)
    SPI1_IRQHandler                          0x080019f5   Thumb Code    50  base_spi.o(i.SPI1_IRQHandler)
    SPI2_GPIO_Init                           0x08001a31   Thumb Code   146  base_spi.o(i.SPI2_GPIO_Init)
    SPI2_IRQHandler                          0x08001acd   Thumb Code    24  base_spi.o(i.SPI2_IRQHandler)
    SPI_CS_Set                               0x08001ae9   Thumb Code    54  base_spi.o(i.SPI_CS_Set)
    SPI_Send_DATA                            0x08001b25   Thumb Code    48  base_spi.o(i.SPI_Send_DATA)
    SPI_Start_Init                           0x08001b59   Thumb Code   140  base_spi.o(i.SPI_Start_Init)
    SVC_Handler                              0x08001bed   Thumb Code     2  at32f415_int.o(i.SVC_Handler)
    SYS_Delay_S                              0x08001bef   Thumb Code    24  base_sys_time.o(i.SYS_Delay_S)
    SYS_Delay_ms                             0x08001c09   Thumb Code   106  base_sys_time.o(i.SYS_Delay_ms)
    SYS_Delay_us                             0x08001c81   Thumb Code   106  base_sys_time.o(i.SYS_Delay_us)
    Seconds_to_Hourly                        0x08001cf9   Thumb Code    78  time_handle.o(i.Seconds_to_Hourly)
    Set_TIME                                 0x08001d49   Thumb Code    30  mode_time.o(i.Set_TIME)
    SysTick_Handler                          0x08001d6d   Thumb Code    12  base_sys_time.o(i.SysTick_Handler)
    Sys_Clock_Init                           0x08001d7d   Thumb Code    52  mode_time.o(i.Sys_Clock_Init)
    Sys_Time_Init                            0x08001dc5   Thumb Code   178  base_sys_time.o(i.Sys_Time_Init)
    SystemInit                               0x08001e99   Thumb Code   138  system_at32f415.o(i.SystemInit)
    UART_RXD_Flag                            0x08001f35   Thumb Code    74  base_uart.o(i.UART_RXD_Flag)
    UART_RXD_Flag_Clear                      0x08001f95   Thumb Code    70  base_uart.o(i.UART_RXD_Flag_Clear)
    UART_RXD_Receive                         0x08001ff1   Thumb Code    70  base_uart.o(i.UART_RXD_Receive)
    UART_Send_Data                           0x0800204d   Thumb Code    54  mode_uart.o(i.UART_Send_Data)
    UART_Send_String                         0x08002083   Thumb Code    26  mode_uart.o(i.UART_Send_String)
    UART_TXD_Send                            0x0800209d   Thumb Code    88  base_uart.o(i.UART_TXD_Send)
    USART1_IRQHandler                        0x08002109   Thumb Code    48  mode_uart.o(i.USART1_IRQHandler)
    USART2_IRQHandler                        0x0800213d   Thumb Code    48  mode_uart.o(i.USART2_IRQHandler)
    USART3_IRQHandler                        0x08002171   Thumb Code    48  mode_uart.o(i.USART3_IRQHandler)
    Uart1_Init                               0x080021a5   Thumb Code   198  base_uart.o(i.Uart1_Init)
    Uart2_Init                               0x08002281   Thumb Code   192  base_uart.o(i.Uart2_Init)
    Uart3_Init                               0x08002359   Thumb Code   214  base_uart.o(i.Uart3_Init)
    Uart4_Init                               0x0800244d   Thumb Code   196  base_uart.o(i.Uart4_Init)
    Uart_Init                                0x08002529   Thumb Code   104  mode_uart.o(i.Uart_Init)
    UsageFault_Handler                       0x080025a5   Thumb Code     4  at32f415_int.o(i.UsageFault_Handler)
    User_GPIO_Init                           0x080025a9   Thumb Code   130  base_exist_gpio.o(i.User_GPIO_Init)
    Voice                                    0x08002639   Thumb Code   116  mode_mp3.o(i.Voice)
    Voice_Init                               0x080026ad   Thumb Code    16  mode_mp3.o(i.Voice_Init)
    WS2812_Delay                             0x080026bd   Thumb Code    20  led.o(i.WS2812_Delay)
    WS2812_write_byte                        0x080026d1   Thumb Code   102  led.o(i.WS2812_write_byte)
    __0printf$1                              0x0800273d   Thumb Code    22  printf1.o(i.__0printf$1)
    __1printf$1                              0x0800273d   Thumb Code     0  printf1.o(i.__0printf$1)
    __2printf                                0x0800273d   Thumb Code     0  printf1.o(i.__0printf$1)
    __scatterload_copy                       0x0800275d   Thumb Code    14  handlers.o(i.__scatterload_copy)
    __scatterload_null                       0x0800276b   Thumb Code     2  handlers.o(i.__scatterload_null)
    __scatterload_zeroinit                   0x0800276d   Thumb Code    14  handlers.o(i.__scatterload_zeroinit)
    adc_base_config                          0x080028d1   Thumb Code    44  at32f415_adc.o(i.adc_base_config)
    adc_base_default_para_init               0x080028fd   Thumb Code    14  at32f415_adc.o(i.adc_base_default_para_init)
    adc_calibration_init                     0x0800290b   Thumb Code    12  at32f415_adc.o(i.adc_calibration_init)
    adc_calibration_init_status_get          0x08002917   Thumb Code    18  at32f415_adc.o(i.adc_calibration_init_status_get)
    adc_calibration_start                    0x08002929   Thumb Code    12  at32f415_adc.o(i.adc_calibration_start)
    adc_calibration_status_get               0x08002935   Thumb Code    18  at32f415_adc.o(i.adc_calibration_status_get)
    adc_dma_mode_enable                      0x08002947   Thumb Code    10  at32f415_adc.o(i.adc_dma_mode_enable)
    adc_enable                               0x08002951   Thumb Code    10  at32f415_adc.o(i.adc_enable)
    adc_ordinary_channel_set                 0x0800295b   Thumb Code   404  at32f415_adc.o(i.adc_ordinary_channel_set)
    adc_ordinary_conversion_trigger_set      0x08002aef   Thumb Code    52  at32f415_adc.o(i.adc_ordinary_conversion_trigger_set)
    adc_ordinary_software_trigger_enable     0x08002b23   Thumb Code    10  at32f415_adc.o(i.adc_ordinary_software_trigger_enable)
    adc_tempersensor_vintrv_enable           0x08002b2d   Thumb Code    14  at32f415_adc.o(i.adc_tempersensor_vintrv_enable)
    crm_adc_clock_div_set                    0x08002b41   Thumb Code    28  at32f415_crm.o(i.crm_adc_clock_div_set)
    crm_ahb_div_set                          0x08002b61   Thumb Code    14  at32f415_crm.o(i.crm_ahb_div_set)
    crm_apb1_div_set                         0x08002b75   Thumb Code    14  at32f415_crm.o(i.crm_apb1_div_set)
    crm_apb2_div_set                         0x08002b89   Thumb Code    14  at32f415_crm.o(i.crm_apb2_div_set)
    crm_auto_step_mode_enable                0x08002b9d   Thumb Code    34  at32f415_crm.o(i.crm_auto_step_mode_enable)
    crm_clock_source_enable                  0x08002bc5   Thumb Code    90  at32f415_crm.o(i.crm_clock_source_enable)
    crm_clocks_freq_get                      0x08002c25   Thumb Code   396  at32f415_crm.o(i.crm_clocks_freq_get)
    crm_flag_get                             0x08002dd1   Thumb Code    42  at32f415_crm.o(i.crm_flag_get)
    crm_hick_divider_select                  0x08002e01   Thumb Code    14  at32f415_crm.o(i.crm_hick_divider_select)
    crm_hick_sclk_frequency_select           0x08002e15   Thumb Code    24  at32f415_crm.o(i.crm_hick_sclk_frequency_select)
    crm_periph_clock_enable                  0x08002e31   Thumb Code    62  at32f415_crm.o(i.crm_periph_clock_enable)
    crm_periph_reset                         0x08002e75   Thumb Code    62  at32f415_crm.o(i.crm_periph_reset)
    crm_pll_config                           0x08002eb9   Thumb Code   210  at32f415_crm.o(i.crm_pll_config)
    crm_reset                                0x08002fc1   Thumb Code    90  at32f415_crm.o(i.crm_reset)
    crm_sysclk_switch                        0x08003025   Thumb Code    14  at32f415_crm.o(i.crm_sysclk_switch)
    crm_sysclk_switch_status_get             0x08003039   Thumb Code    10  at32f415_crm.o(i.crm_sysclk_switch_status_get)
    crm_usb_clock_div_set                    0x08003049   Thumb Code    28  at32f415_crm.o(i.crm_usb_clock_div_set)
    crm_usb_clock_source_select              0x08003069   Thumb Code    26  at32f415_crm.o(i.crm_usb_clock_source_select)
    dma_channel_enable                       0x08003089   Thumb Code    10  at32f415_dma.o(i.dma_channel_enable)
    dma_default_para_init                    0x08003093   Thumb Code    24  at32f415_dma.o(i.dma_default_para_init)
    dma_flag_clear                           0x080030ad   Thumb Code    22  at32f415_dma.o(i.dma_flag_clear)
    dma_flag_get                             0x080030cd   Thumb Code    36  at32f415_dma.o(i.dma_flag_get)
    dma_init                                 0x080030f9   Thumb Code    92  at32f415_dma.o(i.dma_init)
    dma_interrupt_enable                     0x08003155   Thumb Code    18  at32f415_dma.o(i.dma_interrupt_enable)
    dma_reset                                0x08003169   Thumb Code   102  at32f415_dma.o(i.dma_reset)
    exint_flag_clear                         0x080031d9   Thumb Code     6  at32f415_exint.o(i.exint_flag_clear)
    fputc                                    0x080031e5   Thumb Code    18  base_uart.o(i.fputc)
    gpio_default_para_init                   0x080031f7   Thumb Code    22  at32f415_gpio.o(i.gpio_default_para_init)
    gpio_init                                0x0800320d   Thumb Code   168  at32f415_gpio.o(i.gpio_init)
    gpio_input_data_bit_read                 0x080032b5   Thumb Code    18  at32f415_gpio.o(i.gpio_input_data_bit_read)
    gpio_pin_remap_config                    0x080032c9   Thumb Code    70  at32f415_gpio.o(i.gpio_pin_remap_config)
    main                                     0x08003315   Thumb Code   246  main.o(i.main)
    nvic_irq_enable                          0x08003451   Thumb Code   190  at32f415_misc.o(i.nvic_irq_enable)
    nvic_priority_group_config               0x08003519   Thumb Code    32  at32f415_misc.o(i.nvic_priority_group_config)
    spi_default_para_init                    0x08003541   Thumb Code    22  at32f415_spi.o(i.spi_default_para_init)
    spi_enable                               0x08003557   Thumb Code    10  at32f415_spi.o(i.spi_enable)
    spi_i2s_data_transmit                    0x08003561   Thumb Code     4  at32f415_spi.o(i.spi_i2s_data_transmit)
    spi_i2s_flag_get                         0x08003565   Thumb Code    16  at32f415_spi.o(i.spi_i2s_flag_get)
    spi_i2s_interrupt_enable                 0x08003575   Thumb Code    18  at32f415_spi.o(i.spi_i2s_interrupt_enable)
    spi_i2s_reset                            0x08003589   Thumb Code    56  at32f415_spi.o(i.spi_i2s_reset)
    spi_init                                 0x080035c9   Thumb Code   292  at32f415_spi.o(i.spi_init)
    system_clock_config                      0x080036ed   Thumb Code     8  at32f415_clock.o(i.system_clock_config)
    system_clock_hick_config                 0x080036f5   Thumb Code   126  at32f415_clock.o(i.system_clock_hick_config)
    system_core_clock_update                 0x08003779   Thumb Code   316  system_at32f415.o(i.system_core_clock_update)
    systick_clock_source_config              0x080038cd   Thumb Code    40  at32f415_misc.o(i.systick_clock_source_config)
    usart_data_receive                       0x080038f5   Thumb Code     8  at32f415_usart.o(i.usart_data_receive)
    usart_data_transmit                      0x080038fd   Thumb Code     8  at32f415_usart.o(i.usart_data_transmit)
    usart_enable                             0x08003905   Thumb Code    10  at32f415_usart.o(i.usart_enable)
    usart_flag_clear                         0x0800390f   Thumb Code    18  at32f415_usart.o(i.usart_flag_clear)
    usart_flag_get                           0x08003921   Thumb Code    16  at32f415_usart.o(i.usart_flag_get)
    usart_init                               0x08003931   Thumb Code   102  at32f415_usart.o(i.usart_init)
    usart_interrupt_enable                   0x0800399d   Thumb Code    54  at32f415_usart.o(i.usart_interrupt_enable)
    usart_parity_selection_config            0x080039d3   Thumb Code    76  at32f415_usart.o(i.usart_parity_selection_config)
    usart_receiver_enable                    0x08003a1f   Thumb Code    10  at32f415_usart.o(i.usart_receiver_enable)
    usart_reset                              0x08003a29   Thumb Code   124  at32f415_usart.o(i.usart_reset)
    usart_transmitter_enable                 0x08003abd   Thumb Code    10  at32f415_usart.o(i.usart_transmitter_enable)
    usb_ept0_setup                           0x08003ac7   Thumb Code    34  at32f415_usb.o(i.usb_ept0_setup)
    usb_ept0_start                           0x08003ae9   Thumb Code    44  at32f415_usb.o(i.usb_ept0_start)
    usb_ept_clear_stall                      0x08003b15   Thumb Code   146  at32f415_usb.o(i.usb_ept_clear_stall)
    usb_ept_in_clear                         0x08003ba7   Thumb Code    12  at32f415_usb.o(i.usb_ept_in_clear)
    usb_ept_in_interrupt                     0x08003bb3   Thumb Code    44  at32f415_usb.o(i.usb_ept_in_interrupt)
    usb_ept_open                             0x08003bdf   Thumb Code   416  at32f415_usb.o(i.usb_ept_open)
    usb_ept_out_clear                        0x08003d7f   Thumb Code    12  at32f415_usb.o(i.usb_ept_out_clear)
    usb_ept_out_interrupt                    0x08003d8b   Thumb Code    22  at32f415_usb.o(i.usb_ept_out_interrupt)
    usb_ept_stall                            0x08003da1   Thumb Code   146  at32f415_usb.o(i.usb_ept_stall)
    usb_flush_tx_fifo                        0x08003e35   Thumb Code    50  at32f415_usb.o(i.usb_flush_tx_fifo)
    usb_get_all_in_interrupt                 0x08003e6d   Thumb Code    18  at32f415_usb.o(i.usb_get_all_in_interrupt)
    usb_get_all_out_interrupt                0x08003e7f   Thumb Code    18  at32f415_usb.o(i.usb_get_all_out_interrupt)
    usb_global_clear_interrupt               0x08003e91   Thumb Code     4  at32f415_usb.o(i.usb_global_clear_interrupt)
    usb_global_get_all_interrupt             0x08003e95   Thumb Code    10  at32f415_usb.o(i.usb_global_get_all_interrupt)
    usb_global_interrupt_enable              0x08003e9f   Thumb Code    20  at32f415_usb.o(i.usb_global_interrupt_enable)
    usb_open_phy_clk                         0x08003eb3   Thumb Code    14  at32f415_usb.o(i.usb_open_phy_clk)
    usb_read_packet                          0x08003ec1   Thumb Code    42  at32f415_usb.o(i.usb_read_packet)
    usb_set_address                          0x08003eeb   Thumb Code    14  at32f415_usb.o(i.usb_set_address)
    usb_set_rx_fifo                          0x08003ef9   Thumb Code     4  at32f415_usb.o(i.usb_set_rx_fifo)
    usb_set_tx_fifo                          0x08003efd   Thumb Code    66  at32f415_usb.o(i.usb_set_tx_fifo)
    usb_stop_phy_clk                         0x08003f3f   Thumb Code    16  at32f415_usb.o(i.usb_stop_phy_clk)
    usb_suspend_status_get                   0x08003f4f   Thumb Code    14  at32f415_usb.o(i.usb_suspend_status_get)
    usb_write_empty_txfifo                   0x08003f5d   Thumb Code   152  usbd_int.o(i.usb_write_empty_txfifo)
    usb_write_packet                         0x08003ff5   Thumb Code    48  at32f415_usb.o(i.usb_write_packet)
    usbd_clear_stall                         0x08004079   Thumb Code    74  usbd_core.o(i.usbd_clear_stall)
    usbd_core_in_handler                     0x080040c3   Thumb Code   194  usbd_core.o(i.usbd_core_in_handler)
    usbd_core_out_handler                    0x08004185   Thumb Code   128  usbd_core.o(i.usbd_core_out_handler)
    usbd_core_setup_handler                  0x08004205   Thumb Code    84  usbd_core.o(i.usbd_core_setup_handler)
    usbd_ctrl_recv_status                    0x08004259   Thumb Code    24  usbd_core.o(i.usbd_ctrl_recv_status)
    usbd_ctrl_send                           0x08004271   Thumb Code    40  usbd_core.o(i.usbd_ctrl_send)
    usbd_ctrl_send_status                    0x08004299   Thumb Code    24  usbd_core.o(i.usbd_ctrl_send_status)
    usbd_ctrl_unsupport                      0x080042b1   Thumb Code    22  usbd_core.o(i.usbd_ctrl_unsupport)
    usbd_device_request                      0x080042c7   Thumb Code   128  usbd_sdr.o(i.usbd_device_request)
    usbd_endpoint_request                    0x08004347   Thumb Code   348  usbd_sdr.o(i.usbd_endpoint_request)
    usbd_enter_suspend                       0x080044a3   Thumb Code    22  usbd_core.o(i.usbd_enter_suspend)
    usbd_enumdone_handler                    0x080044b9   Thumb Code    70  usbd_int.o(i.usbd_enumdone_handler)
    usbd_ept_open                            0x080044ff   Thumb Code    90  usbd_core.o(i.usbd_ept_open)
    usbd_ept_recv                            0x08004559   Thumb Code   276  usbd_core.o(i.usbd_ept_recv)
    usbd_ept_send                            0x0800466d   Thumb Code   298  usbd_core.o(i.usbd_ept_send)
    usbd_fifo_alloc                          0x08004797   Thumb Code    62  usbd_core.o(i.usbd_fifo_alloc)
    usbd_incomisioin_handler                 0x08004961   Thumb Code    22  usbd_int.o(i.usbd_incomisioin_handler)
    usbd_incomisoout_handler                 0x08004977   Thumb Code    22  usbd_int.o(i.usbd_incomisoout_handler)
    usbd_inept_handler                       0x0800498d   Thumb Code   172  usbd_int.o(i.usbd_inept_handler)
    usbd_interface_request                   0x08004a39   Thumb Code    56  usbd_sdr.o(i.usbd_interface_request)
    usbd_irq_handler                         0x08004a71   Thumb Code   234  usbd_int.o(i.usbd_irq_handler)
    usbd_outept_handler                      0x08004b5b   Thumb Code   146  usbd_int.o(i.usbd_outept_handler)
    usbd_reset_handler                       0x08004bed   Thumb Code   180  usbd_int.o(i.usbd_reset_handler)
    usbd_rxflvl_handler                      0x08004ca1   Thumb Code   130  usbd_int.o(i.usbd_rxflvl_handler)
    usbd_set_stall                           0x08004e67   Thumb Code    74  usbd_core.o(i.usbd_set_stall)
    usbd_setup_request_parse                 0x08004eb1   Thumb Code    40  usbd_sdr.o(i.usbd_setup_request_parse)
    usbd_sof_handler                         0x08004ed9   Thumb Code    20  usbd_int.o(i.usbd_sof_handler)
    usbd_suspend_handler                     0x08004eed   Thumb Code    56  usbd_int.o(i.usbd_suspend_handler)
    usbd_wakeup_handler                      0x08004f25   Thumb Code    54  usbd_int.o(i.usbd_wakeup_handler)
    gImage_shashashu                         0x08004f5a   Data       115208  main.o(.constdata)
    ascii_1608                               0x08021162   Data        1520  lcd.o(.constdata)
    ascii_2412                               0x08021752   Data        4560  lcd.o(.constdata)
    ascii_3216                               0x08022922   Data        6080  lcd.o(.constdata)
    Region$$Table$$Base                      0x0802431c   Number         0  anon$$obj.o(Region$$Table)
    Region$$Table$$Limit                     0x0802433c   Number         0  anon$$obj.o(Region$$Table)
    temp                                     0x20000000   Data           4  main.o(.data)
    i                                        0x20000004   Data           4  main.o(.data)
    User_IO3_flag                            0x20000008   Data           1  main.o(.data)
    VDDA                                     0x2000000c   Data           4  base_adc.o(.data)
    VCC_Cfc                                  0x20000010   Data           4  base_adc.o(.data)
    Channel_NUM                              0x20000014   Data           4  base_adc.o(.data)
    dma_trans_complete_flag                  0x20000018   Data           2  base_adc.o(.data)
    Temp_SPI                                 0x2000001c   Data           4  base_spi.o(.data)
    SPI_complete_flag                        0x20000020   Data           2  base_spi.o(.data)
    Tick_Full                                0x20000024   Data           4  base_sys_time.o(.data)
    Freq_ms                                  0x20000028   Data           4  base_sys_time.o(.data)
    Freq_us                                  0x2000002c   Data           4  base_sys_time.o(.data)
    SYS_Ticktime                             0x20000030   Data           8  base_sys_time.o(.data)
    SYS_Time                                 0x2000003c   Data          20  mode_time.o(.data)
    Tick_Freq                                0x20000050   Data           4  mode_time.o(.data)
    Tick_ms                                  0x20000054   Data           4  mode_time.o(.data)
    Tick_us                                  0x20000058   Data           4  mode_time.o(.data)
    BACK_COLOR                               0x2000005c   Data           2  lcd.o(.data)
    HORIZONTAL                               0x2000005e   Data           1  lcd.o(.data)
    system_core_clock                        0x20000060   Data           4  system_at32f415.o(.data)
    __stdout                                 0x20000068   Data           4  stdout.o(.data)
    ADC1_valuetab_list                       0x2000006c   Data          40  base_adc.o(.bss)
    otg_core_struct                          0x20000094   Data         420  usb_user.o(.bss)
    Mode_Init                                0x20000238   Data          32  mode.o(.bss)
    Mode_User                                0x20000258   Data         104  mode.o(.bss)
    UART1_Data                               0x200002c0   Data         224  mode_uart.o(.bss)
    UART2_Data                               0x200003a0   Data         224  mode_uart.o(.bss)
    UART3_Data                               0x20000480   Data         224  mode_uart.o(.bss)
    UART4_Data                               0x20000560   Data         224  mode_uart.o(.bss)
    CV_UART                                  0x20000640   Data          24  mode_uart.o(.bss)
    API                                      0x20000658   Data          20  api.o(.bss)
    __initial_sp                             0x20000a70   Data           0  startup_at32f415.o(STACK)



==============================================================================

Memory Map of the image

  Image Entry point : 0x08000171

  Load Region LR_IROM1 (Base: 0x08000000, Size: 0x000243a8, Max: 0x00040000, ABSOLUTE)

    Execution Region ER_IROM1 (Exec base: 0x08000000, Load base: 0x08000000, Size: 0x0002433c, Max: 0x00040000, ABSOLUTE)

    Exec Addr    Load Addr    Size         Type   Attr      Idx    E Section Name        Object

    0x08000000   0x08000000   0x00000170   Data   RO         2113    RESET               startup_at32f415.o
    0x08000170   0x08000170   0x00000000   Code   RO         5722  * .ARM.Collect$$$$00000000  mc_w.l(entry.o)
    0x08000170   0x08000170   0x00000004   Code   RO         6014    .ARM.Collect$$$$00000001  mc_w.l(entry2.o)
    0x08000174   0x08000174   0x00000004   Code   RO         6017    .ARM.Collect$$$$00000004  mc_w.l(entry5.o)
    0x08000178   0x08000178   0x00000000   Code   RO         6019    .ARM.Collect$$$$00000008  mc_w.l(entry7b.o)
    0x08000178   0x08000178   0x00000000   Code   RO         6021    .ARM.Collect$$$$0000000A  mc_w.l(entry8b.o)
    0x08000178   0x08000178   0x00000008   Code   RO         6022    .ARM.Collect$$$$0000000B  mc_w.l(entry9a.o)
    0x08000180   0x08000180   0x00000004   Code   RO         6029    .ARM.Collect$$$$0000000E  mc_w.l(entry12b.o)
    0x08000184   0x08000184   0x00000000   Code   RO         6024    .ARM.Collect$$$$0000000F  mc_w.l(entry10a.o)
    0x08000184   0x08000184   0x00000000   Code   RO         6026    .ARM.Collect$$$$00000011  mc_w.l(entry11a.o)
    0x08000184   0x08000184   0x00000004   Code   RO         6015    .ARM.Collect$$$$00002712  mc_w.l(entry2.o)
    0x08000188   0x08000188   0x00000024   Code   RO         2114    .text               startup_at32f415.o
    0x080001ac   0x080001ac   0x00000062   Code   RO         5725    .text               mc_w.l(uldiv.o)
    0x0800020e   0x0800020e   0x00000024   Code   RO         5729    .text               mc_w.l(memseta.o)
    0x08000232   0x08000232   0x0000000e   Code   RO         5731    .text               mc_w.l(strlen.o)
    0x08000240   0x08000240   0x00000064   Code   RO         5998    .text               mf_w.l(fmul.o)
    0x080002a4   0x080002a4   0x0000007c   Code   RO         6000    .text               mf_w.l(fdiv.o)
    0x08000320   0x08000320   0x0000014e   Code   RO         6002    .text               mf_w.l(dadd.o)
    0x0800046e   0x0800046e   0x000000de   Code   RO         6004    .text               mf_w.l(ddiv.o)
    0x0800054c   0x0800054c   0x00000012   Code   RO         6006    .text               mf_w.l(fflti.o)
    0x0800055e   0x0800055e   0x0000000a   Code   RO         6008    .text               mf_w.l(ffltui.o)
    0x08000568   0x08000568   0x00000026   Code   RO         6010    .text               mf_w.l(f2d.o)
    0x0800058e   0x0800058e   0x00000038   Code   RO         6012    .text               mf_w.l(d2f.o)
    0x080005c6   0x080005c6   0x0000002c   Code   RO         6031    .text               mc_w.l(uidiv.o)
    0x080005f2   0x080005f2   0x0000001e   Code   RO         6033    .text               mc_w.l(llshl.o)
    0x08000610   0x08000610   0x00000020   Code   RO         6035    .text               mc_w.l(llushr.o)
    0x08000630   0x08000630   0x00000024   Code   RO         6037    .text               mc_w.l(llsshr.o)
    0x08000654   0x08000654   0x00000000   Code   RO         6048    .text               mc_w.l(iusefp.o)
    0x08000654   0x08000654   0x0000006e   Code   RO         6049    .text               mf_w.l(fepilogue.o)
    0x080006c2   0x080006c2   0x000000ba   Code   RO         6051    .text               mf_w.l(depilogue.o)
    0x0800077c   0x0800077c   0x00000024   Code   RO         6059    .text               mc_w.l(init.o)
    0x080007a0   0x080007a0   0x00000080   Code   RO          242    i.ADC1_DMA_Config   base_adc.o
    0x08000820   0x08000820   0x0000002c   Code   RO          243    i.ADC_Conversion_Vol  base_adc.o
    0x0800084c   0x0800084c   0x0000007c   Code   RO          244    i.ADC_GPIO_Init     base_adc.o
    0x080008c8   0x080008c8   0x00000050   Code   RO          245    i.ADC_Get_List      base_adc.o
    0x08000918   0x08000918   0x000000a0   Code   RO          246    i.ADC_Get_Temperature  base_adc.o
    0x080009b8   0x080009b8   0x000000fc   Code   RO          247    i.ADC_Start_Init    base_adc.o
    0x08000ab4   0x08000ab4   0x00000034   Code   RO         1862    i.API_Index         api.o
    0x08000ae8   0x08000ae8   0x00000004   Code   RO         2008    i.BusFault_Handler  at32f415_int.o
    0x08000aec   0x08000aec   0x00000018   Code   RO         1881    i.CRC16_CCITT_CalateByte  check_crc16.o
    0x08000b04   0x08000b04   0x00000024   Code   RO         1882    i.CRC16_CCITT_CalculateBuf  check_crc16.o
    0x08000b28   0x08000b28   0x0000001c   Code   RO          248    i.DMA1_Channel1_IRQHandler  base_adc.o
    0x08000b44   0x08000b44   0x00000002   Code   RO         2009    i.DebugMon_Handler  at32f415_int.o
    0x08000b46   0x08000b46   0x0000000e   Code   RO         1351    i.Debug_Out         mode.o
    0x08000b54   0x08000b54   0x0000001c   Code   RO         1907    i.Find_Data         data_handle.o
    0x08000b70   0x08000b70   0x00000048   Code   RO          653    i.GET_SysTick       base_sys_time.o
    0x08000bb8   0x08000bb8   0x0000003e   Code   RO         1446    i.Get_Lose_Tiem     mode_time.o
    0x08000bf6   0x08000bf6   0x00000034   Code   RO         1512    i.Get_RXD           mode_uart.o
    0x08000c2a   0x08000c2a   0x00000002   PAD
    0x08000c2c   0x08000c2c   0x00000094   Code   RO         1447    i.Get_TIME          mode_time.o
    0x08000cc0   0x08000cc0   0x00000004   Code   RO         2010    i.HardFault_Handler  at32f415_int.o
    0x08000cc4   0x08000cc4   0x00000038   Code   RO         1945    i.Hourly_to_Seconds  time_handle.o
    0x08000cfc   0x08000cfc   0x00000060   Code   RO          313    i.KEY_GPIO_Init     base_exist_gpio.o
    0x08000d5c   0x08000d5c   0x00000024   Code   RO         1261    i.KEY_Init          key.o
    0x08000d80   0x08000d80   0x0000002c   Code   RO         1262    i.KEY_State         key.o
    0x08000dac   0x08000dac   0x000000e8   Code   RO         1718    i.LCD_Address_Set   lcd.o
    0x08000e94   0x08000e94   0x00000018   Code   RO         1719    i.LCD_Delay         lcd.o
    0x08000eac   0x08000eac   0x0000009e   Code   RO         1720    i.LCD_Draw_Circle   lcd.o
    0x08000f4a   0x08000f4a   0x000000ac   Code   RO         1721    i.LCD_Draw_Line     lcd.o
    0x08000ff6   0x08000ff6   0x0000001c   Code   RO         1722    i.LCD_Draw_Point    lcd.o
    0x08001012   0x08001012   0x0000004a   Code   RO         1723    i.LCD_Draw_Rectangle  lcd.o
    0x0800105c   0x0800105c   0x0000003e   Code   RO         1724    i.LCD_Fill          lcd.o
    0x0800109a   0x0800109a   0x00000002   PAD
    0x0800109c   0x0800109c   0x00000060   Code   RO          314    i.LCD_GPIO_Init     base_exist_gpio.o
    0x080010fc   0x080010fc   0x000001e0   Code   RO         1725    i.LCD_Init          lcd.o
    0x080012dc   0x080012dc   0x00000138   Code   RO         1727    i.LCD_Show_Char     lcd.o
    0x08001414   0x08001414   0x00000058   Code   RO         1728    i.LCD_Show_Chinese  lcd.o
    0x0800146c   0x0800146c   0x00000008   Code   RO         1729    i.LCD_Show_Chinese24x24  lcd.o
    0x08001474   0x08001474   0x00000008   Code   RO         1730    i.LCD_Show_Chinese32x32  lcd.o
    0x0800147c   0x0800147c   0x00000066   Code   RO         1731    i.LCD_Show_Picture  lcd.o
    0x080014e2   0x080014e2   0x0000006e   Code   RO         1732    i.LCD_Show_String   lcd.o
    0x08001550   0x08001550   0x00000034   Code   RO         1733    i.LCD_WR_CMD        lcd.o
    0x08001584   0x08001584   0x00000022   Code   RO         1734    i.LCD_WR_DATA       lcd.o
    0x080015a6   0x080015a6   0x0000001c   Code   RO         1735    i.LCD_WR_DATA8      lcd.o
    0x080015c2   0x080015c2   0x0000000c   Code   RO         1736    i.LCD_Writ_Bus      lcd.o
    0x080015ce   0x080015ce   0x00000002   PAD
    0x080015d0   0x080015d0   0x0000006c   Code   RO          315    i.LED_GPIO_Init     base_exist_gpio.o
    0x0800163c   0x0800163c   0x00000014   Code   RO         1294    i.LED_Init          led.o
    0x08001650   0x08001650   0x0000002e   Code   RO         1295    i.LED_REG           led.o
    0x0800167e   0x0800167e   0x00000002   PAD
    0x08001680   0x08001680   0x00000044   Code   RO         1296    i.LED_SET           led.o
    0x080016c4   0x080016c4   0x000000b4   Code   RO            4    i.Main_Init         main.o
    0x08001778   0x08001778   0x00000004   Code   RO         2011    i.MemManage_Handler  at32f415_int.o
    0x0800177c   0x0800177c   0x00000048   Code   RO         1352    i.Mode_Index        mode.o
    0x080017c4   0x080017c4   0x000000f4   Code   RO         1353    i.Mode_User_index   mode.o
    0x080018b8   0x080018b8   0x00000002   Code   RO         2012    i.NMI_Handler       at32f415_int.o
    0x080018ba   0x080018ba   0x00000002   PAD
    0x080018bc   0x080018bc   0x00000010   Code   RO          803    i.OTGFS1_IRQHandler  usb_user.o
    0x080018cc   0x080018cc   0x0000000c   Code   RO          804    i.OTGFS1_WKUP_IRQHandler  usb_user.o
    0x080018d8   0x080018d8   0x000000d4   Code   RO         1946    i.Over_Time         time_handle.o
    0x080019ac   0x080019ac   0x00000002   Code   RO         2013    i.PendSV_Handler    at32f415_int.o
    0x080019ae   0x080019ae   0x00000002   PAD
    0x080019b0   0x080019b0   0x00000044   Code   RO          654    i.SET_SysTick       base_sys_time.o
    0x080019f4   0x080019f4   0x0000003c   Code   RO          557    i.SPI1_IRQHandler   base_spi.o
    0x08001a30   0x08001a30   0x0000009c   Code   RO          559    i.SPI2_GPIO_Init    base_spi.o
    0x08001acc   0x08001acc   0x0000001c   Code   RO          560    i.SPI2_IRQHandler   base_spi.o
    0x08001ae8   0x08001ae8   0x0000003c   Code   RO          561    i.SPI_CS_Set        base_spi.o
    0x08001b24   0x08001b24   0x00000034   Code   RO          565    i.SPI_Send_DATA     base_spi.o
    0x08001b58   0x08001b58   0x00000094   Code   RO          567    i.SPI_Start_Init    base_spi.o
    0x08001bec   0x08001bec   0x00000002   Code   RO         2014    i.SVC_Handler       at32f415_int.o
    0x08001bee   0x08001bee   0x00000018   Code   RO          655    i.SYS_Delay_S       base_sys_time.o
    0x08001c06   0x08001c06   0x00000002   PAD
    0x08001c08   0x08001c08   0x00000078   Code   RO          656    i.SYS_Delay_ms      base_sys_time.o
    0x08001c80   0x08001c80   0x00000078   Code   RO          657    i.SYS_Delay_us      base_sys_time.o
    0x08001cf8   0x08001cf8   0x0000004e   Code   RO         1947    i.Seconds_to_Hourly  time_handle.o
    0x08001d46   0x08001d46   0x00000002   PAD
    0x08001d48   0x08001d48   0x00000024   Code   RO         1448    i.Set_TIME          mode_time.o
    0x08001d6c   0x08001d6c   0x00000010   Code   RO          658    i.SysTick_Handler   base_sys_time.o
    0x08001d7c   0x08001d7c   0x00000048   Code   RO         1449    i.Sys_Clock_Init    mode_time.o
    0x08001dc4   0x08001dc4   0x000000d4   Code   RO          659    i.Sys_Time_Init     base_sys_time.o
    0x08001e98   0x08001e98   0x0000009c   Code   RO         2077    i.SystemInit        system_at32f415.o
    0x08001f34   0x08001f34   0x00000060   Code   RO          723    i.UART_RXD_Flag     base_uart.o
    0x08001f94   0x08001f94   0x0000005c   Code   RO          724    i.UART_RXD_Flag_Clear  base_uart.o
    0x08001ff0   0x08001ff0   0x0000005c   Code   RO          725    i.UART_RXD_Receive  base_uart.o
    0x0800204c   0x0800204c   0x00000036   Code   RO         1513    i.UART_Send_Data    mode_uart.o
    0x08002082   0x08002082   0x0000001a   Code   RO         1514    i.UART_Send_String  mode_uart.o
    0x0800209c   0x0800209c   0x0000006c   Code   RO          726    i.UART_TXD_Send     base_uart.o
    0x08002108   0x08002108   0x00000034   Code   RO         1515    i.USART1_IRQHandler  mode_uart.o
    0x0800213c   0x0800213c   0x00000034   Code   RO         1516    i.USART2_IRQHandler  mode_uart.o
    0x08002170   0x08002170   0x00000034   Code   RO         1517    i.USART3_IRQHandler  mode_uart.o
    0x080021a4   0x080021a4   0x000000dc   Code   RO          727    i.Uart1_Init        base_uart.o
    0x08002280   0x08002280   0x000000d8   Code   RO          728    i.Uart2_Init        base_uart.o
    0x08002358   0x08002358   0x000000f4   Code   RO          729    i.Uart3_Init        base_uart.o
    0x0800244c   0x0800244c   0x000000dc   Code   RO          730    i.Uart4_Init        base_uart.o
    0x08002528   0x08002528   0x0000007c   Code   RO         1519    i.Uart_Init         mode_uart.o
    0x080025a4   0x080025a4   0x00000004   Code   RO         2015    i.UsageFault_Handler  at32f415_int.o
    0x080025a8   0x080025a8   0x00000090   Code   RO          316    i.User_GPIO_Init    base_exist_gpio.o
    0x08002638   0x08002638   0x00000074   Code   RO         1413    i.Voice             mode_mp3.o
    0x080026ac   0x080026ac   0x00000010   Code   RO         1414    i.Voice_Init        mode_mp3.o
    0x080026bc   0x080026bc   0x00000014   Code   RO         1297    i.WS2812_Delay      led.o
    0x080026d0   0x080026d0   0x0000006c   Code   RO         1299    i.WS2812_write_byte  led.o
    0x0800273c   0x0800273c   0x00000020   Code   RO         5782    i.__0printf$1       mc_w.l(printf1.o)
    0x0800275c   0x0800275c   0x0000000e   Code   RO         6076    i.__scatterload_copy  mc_w.l(handlers.o)
    0x0800276a   0x0800276a   0x00000002   Code   RO         6077    i.__scatterload_null  mc_w.l(handlers.o)
    0x0800276c   0x0800276c   0x0000000e   Code   RO         6078    i.__scatterload_zeroinit  mc_w.l(handlers.o)
    0x0800277a   0x0800277a   0x00000002   PAD
    0x0800277c   0x0800277c   0x00000154   Code   RO         5789    i._printf_core      mc_w.l(printf1.o)
    0x080028d0   0x080028d0   0x0000002c   Code   RO         2121    i.adc_base_config   at32f415_adc.o
    0x080028fc   0x080028fc   0x0000000e   Code   RO         2122    i.adc_base_default_para_init  at32f415_adc.o
    0x0800290a   0x0800290a   0x0000000c   Code   RO         2123    i.adc_calibration_init  at32f415_adc.o
    0x08002916   0x08002916   0x00000012   Code   RO         2124    i.adc_calibration_init_status_get  at32f415_adc.o
    0x08002928   0x08002928   0x0000000c   Code   RO         2125    i.adc_calibration_start  at32f415_adc.o
    0x08002934   0x08002934   0x00000012   Code   RO         2126    i.adc_calibration_status_get  at32f415_adc.o
    0x08002946   0x08002946   0x0000000a   Code   RO         2127    i.adc_dma_mode_enable  at32f415_adc.o
    0x08002950   0x08002950   0x0000000a   Code   RO         2128    i.adc_enable        at32f415_adc.o
    0x0800295a   0x0800295a   0x00000194   Code   RO         2132    i.adc_ordinary_channel_set  at32f415_adc.o
    0x08002aee   0x08002aee   0x00000034   Code   RO         2134    i.adc_ordinary_conversion_trigger_set  at32f415_adc.o
    0x08002b22   0x08002b22   0x0000000a   Code   RO         2137    i.adc_ordinary_software_trigger_enable  at32f415_adc.o
    0x08002b2c   0x08002b2c   0x00000014   Code   RO         2149    i.adc_tempersensor_vintrv_enable  at32f415_adc.o
    0x08002b40   0x08002b40   0x00000020   Code   RO         2631    i.crm_adc_clock_div_set  at32f415_crm.o
    0x08002b60   0x08002b60   0x00000014   Code   RO         2632    i.crm_ahb_div_set   at32f415_crm.o
    0x08002b74   0x08002b74   0x00000014   Code   RO         2633    i.crm_apb1_div_set  at32f415_crm.o
    0x08002b88   0x08002b88   0x00000014   Code   RO         2634    i.crm_apb2_div_set  at32f415_crm.o
    0x08002b9c   0x08002b9c   0x00000028   Code   RO         2635    i.crm_auto_step_mode_enable  at32f415_crm.o
    0x08002bc4   0x08002bc4   0x00000060   Code   RO         2640    i.crm_clock_source_enable  at32f415_crm.o
    0x08002c24   0x08002c24   0x000001ac   Code   RO         2641    i.crm_clocks_freq_get  at32f415_crm.o
    0x08002dd0   0x08002dd0   0x00000030   Code   RO         2645    i.crm_flag_get      at32f415_crm.o
    0x08002e00   0x08002e00   0x00000014   Code   RO         2650    i.crm_hick_divider_select  at32f415_crm.o
    0x08002e14   0x08002e14   0x0000001c   Code   RO         2651    i.crm_hick_sclk_frequency_select  at32f415_crm.o
    0x08002e30   0x08002e30   0x00000044   Code   RO         2655    i.crm_periph_clock_enable  at32f415_crm.o
    0x08002e74   0x08002e74   0x00000044   Code   RO         2656    i.crm_periph_reset  at32f415_crm.o
    0x08002eb8   0x08002eb8   0x00000108   Code   RO         2658    i.crm_pll_config    at32f415_crm.o
    0x08002fc0   0x08002fc0   0x00000064   Code   RO         2660    i.crm_reset         at32f415_crm.o
    0x08003024   0x08003024   0x00000014   Code   RO         2661    i.crm_sysclk_switch  at32f415_crm.o
    0x08003038   0x08003038   0x00000010   Code   RO         2662    i.crm_sysclk_switch_status_get  at32f415_crm.o
    0x08003048   0x08003048   0x00000020   Code   RO         2663    i.crm_usb_clock_div_set  at32f415_crm.o
    0x08003068   0x08003068   0x00000020   Code   RO         2664    i.crm_usb_clock_source_select  at32f415_crm.o
    0x08003088   0x08003088   0x0000000a   Code   RO         2890    i.dma_channel_enable  at32f415_dma.o
    0x08003092   0x08003092   0x00000018   Code   RO         2893    i.dma_default_para_init  at32f415_dma.o
    0x080030aa   0x080030aa   0x00000002   PAD
    0x080030ac   0x080030ac   0x00000020   Code   RO         2894    i.dma_flag_clear    at32f415_dma.o
    0x080030cc   0x080030cc   0x0000002c   Code   RO         2895    i.dma_flag_get      at32f415_dma.o
    0x080030f8   0x080030f8   0x0000005c   Code   RO         2897    i.dma_init          at32f415_dma.o
    0x08003154   0x08003154   0x00000012   Code   RO         2898    i.dma_interrupt_enable  at32f415_dma.o
    0x08003166   0x08003166   0x00000002   PAD
    0x08003168   0x08003168   0x00000070   Code   RO         2899    i.dma_reset         at32f415_dma.o
    0x080031d8   0x080031d8   0x0000000c   Code   RO         3312    i.exint_flag_clear  at32f415_exint.o
    0x080031e4   0x080031e4   0x00000012   Code   RO          732    i.fputc             base_uart.o
    0x080031f6   0x080031f6   0x00000016   Code   RO         3596    i.gpio_default_para_init  at32f415_gpio.o
    0x0800320c   0x0800320c   0x000000a8   Code   RO         3600    i.gpio_init         at32f415_gpio.o
    0x080032b4   0x080032b4   0x00000012   Code   RO         3601    i.gpio_input_data_bit_read  at32f415_gpio.o
    0x080032c6   0x080032c6   0x00000002   PAD
    0x080032c8   0x080032c8   0x0000004c   Code   RO         3606    i.gpio_pin_remap_config  at32f415_gpio.o
    0x08003314   0x08003314   0x0000013c   Code   RO            5    i.main              main.o
    0x08003450   0x08003450   0x000000c8   Code   RO         3912    i.nvic_irq_enable   at32f415_misc.o
    0x08003518   0x08003518   0x00000028   Code   RO         3914    i.nvic_priority_group_config  at32f415_misc.o
    0x08003540   0x08003540   0x00000016   Code   RO         4253    i.spi_default_para_init  at32f415_spi.o
    0x08003556   0x08003556   0x0000000a   Code   RO         4254    i.spi_enable        at32f415_spi.o
    0x08003560   0x08003560   0x00000004   Code   RO         4259    i.spi_i2s_data_transmit  at32f415_spi.o
    0x08003564   0x08003564   0x00000010   Code   RO         4263    i.spi_i2s_flag_get  at32f415_spi.o
    0x08003574   0x08003574   0x00000012   Code   RO         4264    i.spi_i2s_interrupt_enable  at32f415_spi.o
    0x08003586   0x08003586   0x00000002   PAD
    0x08003588   0x08003588   0x00000040   Code   RO         4265    i.spi_i2s_reset     at32f415_spi.o
    0x080035c8   0x080035c8   0x00000124   Code   RO         4266    i.spi_init          at32f415_spi.o
    0x080036ec   0x080036ec   0x00000008   Code   RO         1972    i.system_clock_config  at32f415_clock.o
    0x080036f4   0x080036f4   0x00000084   Code   RO         1974    i.system_clock_hick_config  at32f415_clock.o
    0x08003778   0x08003778   0x00000154   Code   RO         2078    i.system_core_clock_update  system_at32f415.o
    0x080038cc   0x080038cc   0x00000028   Code   RO         3917    i.systick_clock_source_config  at32f415_misc.o
    0x080038f4   0x080038f4   0x00000008   Code   RO         4753    i.usart_data_receive  at32f415_usart.o
    0x080038fc   0x080038fc   0x00000008   Code   RO         4754    i.usart_data_transmit  at32f415_usart.o
    0x08003904   0x08003904   0x0000000a   Code   RO         4757    i.usart_enable      at32f415_usart.o
    0x0800390e   0x0800390e   0x00000012   Code   RO         4758    i.usart_flag_clear  at32f415_usart.o
    0x08003920   0x08003920   0x00000010   Code   RO         4759    i.usart_flag_get    at32f415_usart.o
    0x08003930   0x08003930   0x0000006c   Code   RO         4761    i.usart_init        at32f415_usart.o
    0x0800399c   0x0800399c   0x00000036   Code   RO         4762    i.usart_interrupt_enable  at32f415_usart.o
    0x080039d2   0x080039d2   0x0000004c   Code   RO         4767    i.usart_parity_selection_config  at32f415_usart.o
    0x08003a1e   0x08003a1e   0x0000000a   Code   RO         4768    i.usart_receiver_enable  at32f415_usart.o
    0x08003a28   0x08003a28   0x00000094   Code   RO         4770    i.usart_reset       at32f415_usart.o
    0x08003abc   0x08003abc   0x0000000a   Code   RO         4775    i.usart_transmitter_enable  at32f415_usart.o
    0x08003ac6   0x08003ac6   0x00000022   Code   RO         4943    i.usb_ept0_setup    at32f415_usb.o
    0x08003ae8   0x08003ae8   0x0000002c   Code   RO         4944    i.usb_ept0_start    at32f415_usb.o
    0x08003b14   0x08003b14   0x00000092   Code   RO         4945    i.usb_ept_clear_stall  at32f415_usb.o
    0x08003ba6   0x08003ba6   0x0000000c   Code   RO         4947    i.usb_ept_in_clear  at32f415_usb.o
    0x08003bb2   0x08003bb2   0x0000002c   Code   RO         4948    i.usb_ept_in_interrupt  at32f415_usb.o
    0x08003bde   0x08003bde   0x000001a0   Code   RO         4949    i.usb_ept_open      at32f415_usb.o
    0x08003d7e   0x08003d7e   0x0000000c   Code   RO         4950    i.usb_ept_out_clear  at32f415_usb.o
    0x08003d8a   0x08003d8a   0x00000016   Code   RO         4951    i.usb_ept_out_interrupt  at32f415_usb.o
    0x08003da0   0x08003da0   0x00000092   Code   RO         4952    i.usb_ept_stall     at32f415_usb.o
    0x08003e32   0x08003e32   0x00000002   PAD
    0x08003e34   0x08003e34   0x00000038   Code   RO         4954    i.usb_flush_tx_fifo  at32f415_usb.o
    0x08003e6c   0x08003e6c   0x00000012   Code   RO         4955    i.usb_get_all_in_interrupt  at32f415_usb.o
    0x08003e7e   0x08003e7e   0x00000012   Code   RO         4956    i.usb_get_all_out_interrupt  at32f415_usb.o
    0x08003e90   0x08003e90   0x00000004   Code   RO         4957    i.usb_global_clear_interrupt  at32f415_usb.o
    0x08003e94   0x08003e94   0x0000000a   Code   RO         4958    i.usb_global_get_all_interrupt  at32f415_usb.o
    0x08003e9e   0x08003e9e   0x00000014   Code   RO         4960    i.usb_global_interrupt_enable  at32f415_usb.o
    0x08003eb2   0x08003eb2   0x0000000e   Code   RO         4971    i.usb_open_phy_clk  at32f415_usb.o
    0x08003ec0   0x08003ec0   0x0000002a   Code   RO         4973    i.usb_read_packet   at32f415_usb.o
    0x08003eea   0x08003eea   0x0000000e   Code   RO         4976    i.usb_set_address   at32f415_usb.o
    0x08003ef8   0x08003ef8   0x00000004   Code   RO         4977    i.usb_set_rx_fifo   at32f415_usb.o
    0x08003efc   0x08003efc   0x00000042   Code   RO         4978    i.usb_set_tx_fifo   at32f415_usb.o
    0x08003f3e   0x08003f3e   0x00000010   Code   RO         4979    i.usb_stop_phy_clk  at32f415_usb.o
    0x08003f4e   0x08003f4e   0x0000000e   Code   RO         4980    i.usb_suspend_status_get  at32f415_usb.o
    0x08003f5c   0x08003f5c   0x00000098   Code   RO         5544    i.usb_write_empty_txfifo  usbd_int.o
    0x08003ff4   0x08003ff4   0x00000030   Code   RO         4981    i.usb_write_packet  at32f415_usb.o
    0x08004024   0x08004024   0x00000054   Code   RO         5643    i.usbd_clear_feature  usbd_sdr.o
    0x08004078   0x08004078   0x0000004a   Code   RO         5369    i.usbd_clear_stall  usbd_core.o
    0x080040c2   0x080040c2   0x000000c2   Code   RO         5372    i.usbd_core_in_handler  usbd_core.o
    0x08004184   0x08004184   0x00000080   Code   RO         5374    i.usbd_core_out_handler  usbd_core.o
    0x08004204   0x08004204   0x00000054   Code   RO         5375    i.usbd_core_setup_handler  usbd_core.o
    0x08004258   0x08004258   0x00000018   Code   RO         5377    i.usbd_ctrl_recv_status  usbd_core.o
    0x08004270   0x08004270   0x00000028   Code   RO         5378    i.usbd_ctrl_send    usbd_core.o
    0x08004298   0x08004298   0x00000018   Code   RO         5379    i.usbd_ctrl_send_status  usbd_core.o
    0x080042b0   0x080042b0   0x00000016   Code   RO         5380    i.usbd_ctrl_unsupport  usbd_core.o
    0x080042c6   0x080042c6   0x00000080   Code   RO         5644    i.usbd_device_request  usbd_sdr.o
    0x08004346   0x08004346   0x0000015c   Code   RO         5645    i.usbd_endpoint_request  usbd_sdr.o
    0x080044a2   0x080044a2   0x00000016   Code   RO         5382    i.usbd_enter_suspend  usbd_core.o
    0x080044b8   0x080044b8   0x00000046   Code   RO         5546    i.usbd_enumdone_handler  usbd_int.o
    0x080044fe   0x080044fe   0x0000005a   Code   RO         5384    i.usbd_ept_open     usbd_core.o
    0x08004558   0x08004558   0x00000114   Code   RO         5385    i.usbd_ept_recv     usbd_core.o
    0x0800466c   0x0800466c   0x0000012a   Code   RO         5386    i.usbd_ept_send     usbd_core.o
    0x08004796   0x08004796   0x0000003e   Code   RO         5387    i.usbd_fifo_alloc   usbd_core.o
    0x080047d4   0x080047d4   0x00000056   Code   RO         5646    i.usbd_get_configuration  usbd_sdr.o
    0x0800482a   0x0800482a   0x000000f2   Code   RO         5647    i.usbd_get_descriptor  usbd_sdr.o
    0x0800491c   0x0800491c   0x00000044   Code   RO         5648    i.usbd_get_status   usbd_sdr.o
    0x08004960   0x08004960   0x00000016   Code   RO         5547    i.usbd_incomisioin_handler  usbd_int.o
    0x08004976   0x08004976   0x00000016   Code   RO         5548    i.usbd_incomisoout_handler  usbd_int.o
    0x0800498c   0x0800498c   0x000000ac   Code   RO         5549    i.usbd_inept_handler  usbd_int.o
    0x08004a38   0x08004a38   0x00000038   Code   RO         5649    i.usbd_interface_request  usbd_sdr.o
    0x08004a70   0x08004a70   0x000000ea   Code   RO         5550    i.usbd_irq_handler  usbd_int.o
    0x08004b5a   0x08004b5a   0x00000092   Code   RO         5551    i.usbd_outept_handler  usbd_int.o
    0x08004bec   0x08004bec   0x000000b4   Code   RO         5552    i.usbd_reset_handler  usbd_int.o
    0x08004ca0   0x08004ca0   0x00000082   Code   RO         5553    i.usbd_rxflvl_handler  usbd_int.o
    0x08004d22   0x08004d22   0x00000052   Code   RO         5650    i.usbd_set_address  usbd_sdr.o
    0x08004d74   0x08004d74   0x000000c8   Code   RO         5651    i.usbd_set_configuration  usbd_sdr.o
    0x08004e3c   0x08004e3c   0x0000002a   Code   RO         5652    i.usbd_set_feature  usbd_sdr.o
    0x08004e66   0x08004e66   0x0000004a   Code   RO         5392    i.usbd_set_stall    usbd_core.o
    0x08004eb0   0x08004eb0   0x00000028   Code   RO         5653    i.usbd_setup_request_parse  usbd_sdr.o
    0x08004ed8   0x08004ed8   0x00000014   Code   RO         5554    i.usbd_sof_handler  usbd_int.o
    0x08004eec   0x08004eec   0x00000038   Code   RO         5555    i.usbd_suspend_handler  usbd_int.o
    0x08004f24   0x08004f24   0x00000036   Code   RO         5556    i.usbd_wakeup_handler  usbd_int.o
    0x08004f5a   0x08004f5a   0x0001c208   Data   RO            6    .constdata          main.o
    0x08021162   0x08021162   0x00002f80   Data   RO         1738    .constdata          lcd.o
    0x080240e2   0x080240e2   0x00000200   Data   RO         1883    .constdata          check_crc16.o
    0x080242e2   0x080242e2   0x00000010   Data   RO         2079    .constdata          system_at32f415.o
    0x080242f2   0x080242f2   0x00000028   Data   RO         2666    .constdata          at32f415_crm.o
    0x0802431a   0x0802431a   0x00000002   PAD
    0x0802431c   0x0802431c   0x00000020   Data   RO         6074    Region$$Table       anon$$obj.o


    Execution Region RW_IRAM1 (Exec base: 0x20000000, Load base: 0x0802433c, Size: 0x00000a70, Max: 0x00008000, ABSOLUTE)

    Exec Addr    Load Addr    Size         Type   Attr      Idx    E Section Name        Object

    0x20000000   0x0802433c   0x00000009   Data   RW            7    .data               main.o
    0x20000009   0x08024345   0x00000003   PAD
    0x2000000c   0x08024348   0x0000000e   Data   RW          250    .data               base_adc.o
    0x2000001a   0x08024356   0x00000002   PAD
    0x2000001c   0x08024358   0x00000006   Data   RW          568    .data               base_spi.o
    0x20000022   0x0802435e   0x00000002   PAD
    0x20000024   0x08024360   0x00000014   Data   RW          660    .data               base_sys_time.o
    0x20000038   0x08024374   0x00000004   Data   RW          733    .data               base_uart.o
    0x2000003c   0x08024378   0x00000020   Data   RW         1450    .data               mode_time.o
    0x2000005c   0x08024398   0x00000003   Data   RW         1739    .data               lcd.o
    0x2000005f   0x0802439b   0x00000001   PAD
    0x20000060   0x0802439c   0x00000004   Data   RW         2080    .data               system_at32f415.o
    0x20000064   0x080243a0   0x00000001   Data   RW         5654    .data               usbd_sdr.o
    0x20000065   0x080243a1   0x00000003   PAD
    0x20000068   0x080243a4   0x00000004   Data   RW         6030    .data               mc_w.l(stdout.o)
    0x2000006c        -       0x00000028   Zero   RW          249    .bss                base_adc.o
    0x20000094        -       0x000001a4   Zero   RW          813    .bss                usb_user.o
    0x20000238        -       0x00000088   Zero   RW         1354    .bss                mode.o
    0x200002c0        -       0x00000398   Zero   RW         1520    .bss                mode_uart.o
    0x20000658        -       0x00000014   Zero   RW         1863    .bss                api.o
    0x2000066c   0x080243a8   0x00000004   PAD
    0x20000670        -       0x00000400   Zero   RW         2111    STACK               startup_at32f415.o


==============================================================================

Image component sizes


      Code (inc. data)   RO Data    RW Data    ZI Data      Debug   Object Name

        52         24          0          0         20       1170   api.o
       624         42          0          0          0       7017   at32f415_adc.o
       140          6          0          0          0       1033   at32f415_clock.o
      1352        186         40          0          0      10393   at32f415_crm.o
       332         28          0          0          0       4071   at32f415_dma.o
        12          6          0          0          0        487   at32f415_exint.o
       284          6          0          0          0       3032   at32f415_gpio.o
        24          0          0          0          0       3456   at32f415_int.o
       280         18          0          0          0      32332   at32f415_misc.o
       426          8          0          0          0       4198   at32f415_spi.o
       466         30          0          0          0       6629   at32f415_usart.o
      1220          6          0          0          0      13452   at32f415_usb.o
       816        104          0         14         40       5318   base_adc.o
       444         42          0          0          0       2609   base_exist_gpio.o
       504         42          0          6          0       4316   base_spi.o
       632         84          0         20          0      35554   base_sys_time.o
      1306        210          0          4          0       6765   base_uart.o
         0          0          0          0          0       6932   cdc_keyboard_class.o
         0          0          0          0          0        868   cdc_keyboard_desc.o
        60          4        512          0          0       1944   check_crc16.o
        28          0          0          0          0        728   data_handle.o
        80          6          0          0          0       1187   key.o
      1984         34      12160          3          0      14278   lcd.o
       262         16          0          0          0       2838   led.o
       496        114     115208          9          0      80394   main.o
       330        144          0          0        136       2743   mode.o
       132          0          0          0          0       1265   mode_mp3.o
       318         44          0         32          0       3832   mode_time.o
       412         32          0          0        920       5930   mode_uart.o
        36          8        368          0       1024        812   startup_at32f415.o
       496         42         16          4          0       2016   system_at32f415.o
       346         14          0          0          0       2388   time_handle.o
        28          6          0          0        420       9363   usb_user.o
      1412          0          0          0          0      10859   usbd_core.o
      1258          0          0          0          0       9152   usbd_int.o
      1376         30          0          1          0       8518   usbd_sdr.o

    ----------------------------------------------------------------------
     17994       1336     128338        104       2564     307879   Object Totals
         0          0         32          0          0          0   (incl. Generated)
        26          0          2         11          4          0   (incl. Padding)

    ----------------------------------------------------------------------

      Code (inc. data)   RO Data    RW Data    ZI Data      Debug   Library Member Name

         0          0          0          0          0          0   entry.o
         0          0          0          0          0          0   entry10a.o
         0          0          0          0          0          0   entry11a.o
         4          0          0          0          0          0   entry12b.o
         8          4          0          0          0          0   entry2.o
         4          0          0          0          0          0   entry5.o
         0          0          0          0          0          0   entry7b.o
         0          0          0          0          0          0   entry8b.o
         8          4          0          0          0          0   entry9a.o
        30          0          0          0          0          0   handlers.o
        36          8          0          0          0         68   init.o
         0          0          0          0          0          0   iusefp.o
        30          0          0          0          0         68   llshl.o
        36          0          0          0          0         68   llsshr.o
        32          0          0          0          0         68   llushr.o
        36          0          0          0          0        108   memseta.o
       372         14          0          0          0        184   printf1.o
         0          0          0          4          0          0   stdout.o
        14          0          0          0          0         68   strlen.o
        44          0          0          0          0         80   uidiv.o
        98          0          0          0          0         92   uldiv.o
        56          0          0          0          0         88   d2f.o
       334          0          0          0          0        148   dadd.o
       222          0          0          0          0        100   ddiv.o
       186          0          0          0          0        176   depilogue.o
        38          0          0          0          0         68   f2d.o
       124          0          0          0          0         88   fdiv.o
       110          0          0          0          0        168   fepilogue.o
        18          0          0          0          0         68   fflti.o
        10          0          0          0          0         68   ffltui.o
       100          0          0          0          0         76   fmul.o

    ----------------------------------------------------------------------
      1952         30          0          4          0       1852   Library Totals
         2          0          0          0          0          0   (incl. Padding)

    ----------------------------------------------------------------------

      Code (inc. data)   RO Data    RW Data    ZI Data      Debug   Library Name

       752         30          0          4          0        804   mc_w.l
      1198          0          0          0          0       1048   mf_w.l

    ----------------------------------------------------------------------
      1952         30          0          4          0       1852   Library Totals

    ----------------------------------------------------------------------

==============================================================================


      Code (inc. data)   RO Data    RW Data    ZI Data      Debug   

     19946       1366     128338        108       2564     297819   Grand Totals
     19946       1366     128338        108       2564     297819   ELF Image Totals
     19946       1366     128338        108          0          0   ROM Totals

==============================================================================

    Total RO  Size (Code + RO Data)               148284 ( 144.81kB)
    Total RW  Size (RW Data + ZI Data)              2672 (   2.61kB)
    Total ROM Size (Code + RO Data + RW Data)     148392 ( 144.91kB)

==============================================================================

